[0.033s] Invoking command in '/home/shreyas/ros2_projects/ros2_ws/build/srv_pkg': CMAKE_PREFIX_PATH=${CMAKE_PREFIX_PATH}:/home/shreyas/ros2_projects/ros2_ws/install/robotic_speed_service:/home/shreyas/ros2_projects/ros2_ws/install/boki_pkg:/opt/ros/lyrical DEBUGINFOD_URLS=https://debuginfod.ubuntu.com /usr/bin/cmake --build /home/shreyas/ros2_projects/ros2_ws/build/srv_pkg -- -j8 -l8
[0.179s] [  2%] Built target srv_pkg__rosidl_generator_type_description
[0.181s] [  5%] Built target srv_pkg__rs
[0.245s] [  8%] Built target srv_pkg__cpp
[0.249s] [ 22%] Built target srv_pkg__rosidl_generator_c
[0.319s] [ 31%] Built target srv_pkg__rosidl_typesupport_cpp
[0.322s] [ 40%] Built target srv_pkg__rosidl_typesupport_fastrtps_c
[0.323s] [ 48%] Built target srv_pkg__rosidl_typesupport_c
[0.385s] [ 65%] Built target srv_pkg__rosidl_typesupport_introspection_c
[0.386s] [ 65%] Built target srv_pkg__rosidl_typesupport_introspection_cpp
[0.388s] [ 74%] Built target srv_pkg__rosidl_typesupport_fastrtps_cpp
[0.437s] [ 74%] Built target srv_pkg
[0.485s] [ 77%] Built target srv_pkg__py
[0.534s] [ 82%] Built target srv_pkg__rosidl_generator_py
[0.541s] [ 82%] Built target ament_cmake_python_sync_srv_pkg
[0.590s] [ 94%] Built target srv_pkg_s__rosidl_typesupport_fastrtps_c
[0.590s] [ 94%] Built target srv_pkg_s__rosidl_typesupport_introspection_c
[0.609s] [100%] Built target srv_pkg_s__rosidl_typesupport_c
[0.966s] running egg_info
[1.006s] writing srv_pkg.egg-info/PKG-INFO
[1.007s] writing dependency_links to srv_pkg.egg-info/dependency_links.txt
[1.007s] writing top-level names to srv_pkg.egg-info/top_level.txt
[1.230s] reading manifest file 'srv_pkg.egg-info/SOURCES.txt'
[1.234s] writing manifest file 'srv_pkg.egg-info/SOURCES.txt'
[1.558s] [100%] Built target ament_cmake_python_build_srv_pkg_egg
[1.724s] Invoked command in '/home/shreyas/ros2_projects/ros2_ws/build/srv_pkg' returned '0': CMAKE_PREFIX_PATH=${CMAKE_PREFIX_PATH}:/home/shreyas/ros2_projects/ros2_ws/install/robotic_speed_service:/home/shreyas/ros2_projects/ros2_ws/install/boki_pkg:/opt/ros/lyrical DEBUGINFOD_URLS=https://debuginfod.ubuntu.com /usr/bin/cmake --build /home/shreyas/ros2_projects/ros2_ws/build/srv_pkg -- -j8 -l8
[1.803s] Invoking command in '/home/shreyas/ros2_projects/ros2_ws/build/srv_pkg': CMAKE_PREFIX_PATH=${CMAKE_PREFIX_PATH}:/home/shreyas/ros2_projects/ros2_ws/install/robotic_speed_service:/home/shreyas/ros2_projects/ros2_ws/install/boki_pkg:/opt/ros/lyrical DEBUGINFOD_URLS=https://debuginfod.ubuntu.com /usr/bin/cmake --install /home/shreyas/ros2_projects/ros2_ws/build/srv_pkg
[1.854s] -- Install configuration: ""
[1.855s] -- Up-to-date: /home/shreyas/ros2_projects/ros2_ws/install/srv_pkg/share/ament_index/resource_index/rosidl_interfaces/srv_pkg
[1.855s] -- Up-to-date: /home/shreyas/ros2_projects/ros2_ws/install/srv_pkg/share/srv_pkg/srv/SetRobotSpeed.json
[1.856s] -- Up-to-date: /home/shreyas/ros2_projects/ros2_ws/install/srv_pkg/include/srv_pkg/srv_pkg
[1.856s] -- Up-to-date: /home/shreyas/ros2_projects/ros2_ws/install/srv_pkg/include/srv_pkg/srv_pkg/msg
[1.857s] -- Up-to-date: /home/shreyas/ros2_projects/ros2_ws/install/srv_pkg/include/srv_pkg/srv_pkg/msg/rosidl_generator_c__visibility_control.h
[1.857s] -- Up-to-date: /home/shreyas/ros2_projects/ros2_ws/install/srv_pkg/include/srv_pkg/srv_pkg/srv
[1.857s] -- Up-to-date: /home/shreyas/ros2_projects/ros2_ws/install/srv_pkg/include/srv_pkg/srv_pkg/srv/detail
[1.858s] -- Up-to-date: /home/shreyas/ros2_projects/ros2_ws/install/srv_pkg/include/srv_pkg/srv_pkg/srv/detail/set_robot_speed__type_support.h
[1.858s] -- Up-to-date: /home/shreyas/ros2_projects/ros2_ws/install/srv_pkg/include/srv_pkg/srv_pkg/srv/detail/set_robot_speed__functions.h
[1.859s] -- Up-to-date: /home/shreyas/ros2_projects/ros2_ws/install/srv_pkg/include/srv_pkg/srv_pkg/srv/detail/set_robot_speed__type_support.c
[1.859s] -- Up-to-date: /home/shreyas/ros2_projects/ros2_ws/install/srv_pkg/include/srv_pkg/srv_pkg/srv/detail/set_robot_speed__description.c
[1.860s] -- Up-to-date: /home/shreyas/ros2_projects/ros2_ws/install/srv_pkg/include/srv_pkg/srv_pkg/srv/detail/set_robot_speed__struct.h
[1.860s] -- Up-to-date: /home/shreyas/ros2_projects/ros2_ws/install/srv_pkg/include/srv_pkg/srv_pkg/srv/detail/set_robot_speed__functions.c
[1.861s] -- Up-to-date: /home/shreyas/ros2_projects/ros2_ws/install/srv_pkg/include/srv_pkg/srv_pkg/srv/set_robot_speed.h
[1.861s] -- Up-to-date: /home/shreyas/ros2_projects/ros2_ws/install/srv_pkg/share/srv_pkg/environment/library_path.sh
[1.861s] -- Up-to-date: /home/shreyas/ros2_projects/ros2_ws/install/srv_pkg/share/srv_pkg/environment/library_path.dsv
[1.862s] -- Up-to-date: /home/shreyas/ros2_projects/ros2_ws/install/srv_pkg/lib/libsrv_pkg__rosidl_generator_c.so
[1.862s] -- Up-to-date: /home/shreyas/ros2_projects/ros2_ws/install/srv_pkg/include/srv_pkg/srv_pkg
[1.863s] -- Up-to-date: /home/shreyas/ros2_projects/ros2_ws/install/srv_pkg/include/srv_pkg/srv_pkg/msg
[1.863s] -- Up-to-date: /home/shreyas/ros2_projects/ros2_ws/install/srv_pkg/include/srv_pkg/srv_pkg/msg/rosidl_typesupport_fastrtps_c__visibility_control.h
[1.863s] -- Up-to-date: /home/shreyas/ros2_projects/ros2_ws/install/srv_pkg/include/srv_pkg/srv_pkg/srv
[1.864s] -- Up-to-date: /home/shreyas/ros2_projects/ros2_ws/install/srv_pkg/include/srv_pkg/srv_pkg/srv/detail
[1.864s] -- Up-to-date: /home/shreyas/ros2_projects/ros2_ws/install/srv_pkg/include/srv_pkg/srv_pkg/srv/detail/set_robot_speed__rosidl_typesupport_fastrtps_c.h
[1.865s] -- Up-to-date: /home/shreyas/ros2_projects/ros2_ws/install/srv_pkg/lib/libsrv_pkg__rosidl_typesupport_fastrtps_c.so
[1.866s] -- Up-to-date: /home/shreyas/ros2_projects/ros2_ws/install/srv_pkg/include/srv_pkg/srv_pkg
[1.867s] -- Up-to-date: /home/shreyas/ros2_projects/ros2_ws/install/srv_pkg/include/srv_pkg/srv_pkg/msg
[1.867s] -- Up-to-date: /home/shreyas/ros2_projects/ros2_ws/install/srv_pkg/include/srv_pkg/srv_pkg/msg/rosidl_typesupport_introspection_c__visibility_control.h
[1.868s] -- Up-to-date: /home/shreyas/ros2_projects/ros2_ws/install/srv_pkg/include/srv_pkg/srv_pkg/srv
[1.868s] -- Up-to-date: /home/shreyas/ros2_projects/ros2_ws/install/srv_pkg/include/srv_pkg/srv_pkg/srv/detail
[1.869s] -- Up-to-date: /home/shreyas/ros2_projects/ros2_ws/install/srv_pkg/include/srv_pkg/srv_pkg/srv/detail/set_robot_speed__type_support.c
[1.869s] -- Up-to-date: /home/shreyas/ros2_projects/ros2_ws/install/srv_pkg/include/srv_pkg/srv_pkg/srv/detail/set_robot_speed__rosidl_typesupport_introspection_c.h
[1.869s] -- Up-to-date: /home/shreyas/ros2_projects/ros2_ws/install/srv_pkg/lib/libsrv_pkg__rosidl_typesupport_introspection_c.so
[1.870s] -- Up-to-date: /home/shreyas/ros2_projects/ros2_ws/install/srv_pkg/lib/libsrv_pkg__rosidl_typesupport_c.so
[1.871s] -- Up-to-date: /home/shreyas/ros2_projects/ros2_ws/install/srv_pkg/include/srv_pkg/srv_pkg
[1.871s] -- Up-to-date: /home/shreyas/ros2_projects/ros2_ws/install/srv_pkg/include/srv_pkg/srv_pkg/msg
[1.872s] -- Up-to-date: /home/shreyas/ros2_projects/ros2_ws/install/srv_pkg/include/srv_pkg/srv_pkg/msg/rosidl_generator_cpp__visibility_control.hpp
[1.872s] -- Up-to-date: /home/shreyas/ros2_projects/ros2_ws/install/srv_pkg/include/srv_pkg/srv_pkg/srv
[1.873s] -- Up-to-date: /home/shreyas/ros2_projects/ros2_ws/install/srv_pkg/include/srv_pkg/srv_pkg/srv/set_robot_speed.hpp
[1.873s] -- Up-to-date: /home/shreyas/ros2_projects/ros2_ws/install/srv_pkg/include/srv_pkg/srv_pkg/srv/detail
[1.874s] -- Up-to-date: /home/shreyas/ros2_projects/ros2_ws/install/srv_pkg/include/srv_pkg/srv_pkg/srv/detail/set_robot_speed__type_support.hpp
[1.874s] -- Up-to-date: /home/shreyas/ros2_projects/ros2_ws/install/srv_pkg/include/srv_pkg/srv_pkg/srv/detail/set_robot_speed__builder.hpp
[1.875s] -- Up-to-date: /home/shreyas/ros2_projects/ros2_ws/install/srv_pkg/include/srv_pkg/srv_pkg/srv/detail/set_robot_speed__traits.hpp
[1.875s] -- Up-to-date: /home/shreyas/ros2_projects/ros2_ws/install/srv_pkg/include/srv_pkg/srv_pkg/srv/detail/set_robot_speed__struct.hpp
[1.876s] -- Up-to-date: /home/shreyas/ros2_projects/ros2_ws/install/srv_pkg/include/srv_pkg/srv_pkg
[1.876s] -- Up-to-date: /home/shreyas/ros2_projects/ros2_ws/install/srv_pkg/include/srv_pkg/srv_pkg/msg
[1.877s] -- Up-to-date: /home/shreyas/ros2_projects/ros2_ws/install/srv_pkg/include/srv_pkg/srv_pkg/msg/rosidl_typesupport_fastrtps_cpp__visibility_control.h
[1.877s] -- Up-to-date: /home/shreyas/ros2_projects/ros2_ws/install/srv_pkg/include/srv_pkg/srv_pkg/srv
[1.877s] -- Up-to-date: /home/shreyas/ros2_projects/ros2_ws/install/srv_pkg/include/srv_pkg/srv_pkg/srv/detail
[1.878s] -- Up-to-date: /home/shreyas/ros2_projects/ros2_ws/install/srv_pkg/include/srv_pkg/srv_pkg/srv/detail/dds_fastrtps
[1.878s] -- Up-to-date: /home/shreyas/ros2_projects/ros2_ws/install/srv_pkg/include/srv_pkg/srv_pkg/srv/detail/set_robot_speed__rosidl_typesupport_fastrtps_cpp.hpp
[1.879s] -- Up-to-date: /home/shreyas/ros2_projects/ros2_ws/install/srv_pkg/lib/libsrv_pkg__rosidl_typesupport_fastrtps_cpp.so
[1.879s] -- Up-to-date: /home/shreyas/ros2_projects/ros2_ws/install/srv_pkg/include/srv_pkg/srv_pkg
[1.880s] -- Up-to-date: /home/shreyas/ros2_projects/ros2_ws/install/srv_pkg/include/srv_pkg/srv_pkg/srv
[1.880s] -- Up-to-date: /home/shreyas/ros2_projects/ros2_ws/install/srv_pkg/include/srv_pkg/srv_pkg/srv/detail
[1.880s] -- Up-to-date: /home/shreyas/ros2_projects/ros2_ws/install/srv_pkg/include/srv_pkg/srv_pkg/srv/detail/set_robot_speed__rosidl_typesupport_introspection_cpp.hpp
[1.881s] -- Up-to-date: /home/shreyas/ros2_projects/ros2_ws/install/srv_pkg/include/srv_pkg/srv_pkg/srv/detail/set_robot_speed__type_support.cpp
[1.882s] -- Up-to-date: /home/shreyas/ros2_projects/ros2_ws/install/srv_pkg/lib/libsrv_pkg__rosidl_typesupport_introspection_cpp.so
[1.882s] -- Up-to-date: /home/shreyas/ros2_projects/ros2_ws/install/srv_pkg/lib/libsrv_pkg__rosidl_typesupport_cpp.so
[1.882s] -- Up-to-date: /home/shreyas/ros2_projects/ros2_ws/install/srv_pkg/share/srv_pkg/environment/pythonpath.sh
[1.883s] -- Up-to-date: /home/shreyas/ros2_projects/ros2_ws/install/srv_pkg/share/srv_pkg/environment/pythonpath.dsv
[1.884s] -- Up-to-date: /home/shreyas/ros2_projects/ros2_ws/install/srv_pkg/lib/python3.14/site-packages/srv_pkg/srv_pkg_s__rosidl_typesupport_fastrtps_c.so
[1.884s] -- Up-to-date: /home/shreyas/ros2_projects/ros2_ws/install/srv_pkg/lib/python3.14/site-packages/srv_pkg/srv_pkg_s__rosidl_typesupport_introspection_c.so
[1.885s] -- Up-to-date: /home/shreyas/ros2_projects/ros2_ws/install/srv_pkg/lib/python3.14/site-packages/srv_pkg/srv_pkg_s__rosidl_typesupport_c.so
[1.885s] -- Up-to-date: /home/shreyas/ros2_projects/ros2_ws/install/srv_pkg/lib/libsrv_pkg__rosidl_generator_py.so
[1.885s] -- Up-to-date: /home/shreyas/ros2_projects/ros2_ws/install/srv_pkg/share/srv_pkg/rust
[1.886s] -- Up-to-date: /home/shreyas/ros2_projects/ros2_ws/install/srv_pkg/share/srv_pkg/rust/src
[1.886s] -- Up-to-date: /home/shreyas/ros2_projects/ros2_ws/install/srv_pkg/share/srv_pkg/rust/src/srv
[1.887s] -- Up-to-date: /home/shreyas/ros2_projects/ros2_ws/install/srv_pkg/share/srv_pkg/rust/src/srv/rmw.rs
[1.887s] -- Up-to-date: /home/shreyas/ros2_projects/ros2_ws/install/srv_pkg/share/srv_pkg/rust/src/srv.rs
[1.887s] -- Up-to-date: /home/shreyas/ros2_projects/ros2_ws/install/srv_pkg/share/srv_pkg/rust/src/lib.rs
[1.888s] -- Up-to-date: /home/shreyas/ros2_projects/ros2_ws/install/srv_pkg/share/srv_pkg/rust/Cargo.toml
[1.888s] -- Up-to-date: /home/shreyas/ros2_projects/ros2_ws/install/srv_pkg/share/srv_pkg/rust/build.rs
[1.889s] -- Up-to-date: /home/shreyas/ros2_projects/ros2_ws/install/srv_pkg/share/srv_pkg/srv/SetRobotSpeed.idl
[1.890s] -- Up-to-date: /home/shreyas/ros2_projects/ros2_ws/install/srv_pkg/share/srv_pkg/srv/SetRobotSpeed.srv
[1.890s] -- Up-to-date: /home/shreyas/ros2_projects/ros2_ws/install/srv_pkg/share/ament_index/resource_index/package_run_dependencies/srv_pkg
[1.890s] -- Up-to-date: /home/shreyas/ros2_projects/ros2_ws/install/srv_pkg/share/ament_index/resource_index/parent_prefix_path/srv_pkg
[1.891s] -- Up-to-date: /home/shreyas/ros2_projects/ros2_ws/install/srv_pkg/share/srv_pkg/environment/ament_prefix_path.sh
[1.891s] -- Up-to-date: /home/shreyas/ros2_projects/ros2_ws/install/srv_pkg/share/srv_pkg/environment/ament_prefix_path.dsv
[1.892s] -- Up-to-date: /home/shreyas/ros2_projects/ros2_ws/install/srv_pkg/share/srv_pkg/environment/path.sh
[1.892s] -- Up-to-date: /home/shreyas/ros2_projects/ros2_ws/install/srv_pkg/share/srv_pkg/environment/path.dsv
[1.893s] -- Up-to-date: /home/shreyas/ros2_projects/ros2_ws/install/srv_pkg/share/srv_pkg/local_setup.bash
[1.893s] -- Up-to-date: /home/shreyas/ros2_projects/ros2_ws/install/srv_pkg/share/srv_pkg/local_setup.fish
[1.894s] -- Up-to-date: /home/shreyas/ros2_projects/ros2_ws/install/srv_pkg/share/srv_pkg/local_setup.sh
[1.894s] -- Up-to-date: /home/shreyas/ros2_projects/ros2_ws/install/srv_pkg/share/srv_pkg/local_setup.zsh
[1.895s] -- Up-to-date: /home/shreyas/ros2_projects/ros2_ws/install/srv_pkg/share/srv_pkg/local_setup.dsv
[1.895s] -- Installing: /home/shreyas/ros2_projects/ros2_ws/install/srv_pkg/share/srv_pkg/package.dsv
[1.895s] -- Up-to-date: /home/shreyas/ros2_projects/ros2_ws/install/srv_pkg/share/ament_index/resource_index/packages/srv_pkg
[1.896s] -- Up-to-date: /home/shreyas/ros2_projects/ros2_ws/install/srv_pkg/share/srv_pkg/cmake/export_srv_pkg__rosidl_generator_cExport.cmake
[1.896s] -- Up-to-date: /home/shreyas/ros2_projects/ros2_ws/install/srv_pkg/share/srv_pkg/cmake/export_srv_pkg__rosidl_generator_cExport-noconfig.cmake
[1.896s] -- Up-to-date: /home/shreyas/ros2_projects/ros2_ws/install/srv_pkg/share/srv_pkg/cmake/export_srv_pkg__rosidl_typesupport_fastrtps_cExport.cmake
[1.897s] -- Up-to-date: /home/shreyas/ros2_projects/ros2_ws/install/srv_pkg/share/srv_pkg/cmake/export_srv_pkg__rosidl_typesupport_fastrtps_cExport-noconfig.cmake
[1.897s] -- Up-to-date: /home/shreyas/ros2_projects/ros2_ws/install/srv_pkg/share/srv_pkg/cmake/srv_pkg__rosidl_typesupport_introspection_cExport.cmake
[1.897s] -- Up-to-date: /home/shreyas/ros2_projects/ros2_ws/install/srv_pkg/share/srv_pkg/cmake/srv_pkg__rosidl_typesupport_introspection_cExport-noconfig.cmake
[1.897s] -- Up-to-date: /home/shreyas/ros2_projects/ros2_ws/install/srv_pkg/share/srv_pkg/cmake/srv_pkg__rosidl_typesupport_cExport.cmake
[1.898s] -- Up-to-date: /home/shreyas/ros2_projects/ros2_ws/install/srv_pkg/share/srv_pkg/cmake/srv_pkg__rosidl_typesupport_cExport-noconfig.cmake
[1.898s] -- Up-to-date: /home/shreyas/ros2_projects/ros2_ws/install/srv_pkg/share/srv_pkg/cmake/export_srv_pkg__rosidl_generator_cppExport.cmake
[1.898s] -- Up-to-date: /home/shreyas/ros2_projects/ros2_ws/install/srv_pkg/share/srv_pkg/cmake/export_srv_pkg__rosidl_typesupport_fastrtps_cppExport.cmake
[1.899s] -- Up-to-date: /home/shreyas/ros2_projects/ros2_ws/install/srv_pkg/share/srv_pkg/cmake/export_srv_pkg__rosidl_typesupport_fastrtps_cppExport-noconfig.cmake
[1.899s] -- Up-to-date: /home/shreyas/ros2_projects/ros2_ws/install/srv_pkg/share/srv_pkg/cmake/srv_pkg__rosidl_typesupport_introspection_cppExport.cmake
[1.899s] -- Up-to-date: /home/shreyas/ros2_projects/ros2_ws/install/srv_pkg/share/srv_pkg/cmake/srv_pkg__rosidl_typesupport_introspection_cppExport-noconfig.cmake
[1.900s] -- Up-to-date: /home/shreyas/ros2_projects/ros2_ws/install/srv_pkg/share/srv_pkg/cmake/srv_pkg__rosidl_typesupport_cppExport.cmake
[1.900s] -- Up-to-date: /home/shreyas/ros2_projects/ros2_ws/install/srv_pkg/share/srv_pkg/cmake/srv_pkg__rosidl_typesupport_cppExport-noconfig.cmake
[1.900s] -- Up-to-date: /home/shreyas/ros2_projects/ros2_ws/install/srv_pkg/share/srv_pkg/cmake/export_srv_pkg__rosidl_generator_pyExport.cmake
[1.901s] -- Up-to-date: /home/shreyas/ros2_projects/ros2_ws/install/srv_pkg/share/srv_pkg/cmake/export_srv_pkg__rosidl_generator_pyExport-noconfig.cmake
[1.901s] -- Up-to-date: /home/shreyas/ros2_projects/ros2_ws/install/srv_pkg/lib/python3.14/site-packages/srv_pkg-0.0.0-py3.14.egg-info
[1.901s] -- Installing: /home/shreyas/ros2_projects/ros2_ws/install/srv_pkg/lib/python3.14/site-packages/srv_pkg-0.0.0-py3.14.egg-info/dependency_links.txt
[1.902s] -- Installing: /home/shreyas/ros2_projects/ros2_ws/install/srv_pkg/lib/python3.14/site-packages/srv_pkg-0.0.0-py3.14.egg-info/SOURCES.txt
[1.902s] -- Installing: /home/shreyas/ros2_projects/ros2_ws/install/srv_pkg/lib/python3.14/site-packages/srv_pkg-0.0.0-py3.14.egg-info/PKG-INFO
[1.902s] -- Installing: /home/shreyas/ros2_projects/ros2_ws/install/srv_pkg/lib/python3.14/site-packages/srv_pkg-0.0.0-py3.14.egg-info/top_level.txt
[1.902s] -- Up-to-date: /home/shreyas/ros2_projects/ros2_ws/install/srv_pkg/lib/python3.14/site-packages/srv_pkg
[1.903s] -- Up-to-date: /home/shreyas/ros2_projects/ros2_ws/install/srv_pkg/lib/python3.14/site-packages/srv_pkg/_srv_pkg_s.ep.rosidl_typesupport_c.c
[1.903s] -- Up-to-date: /home/shreyas/ros2_projects/ros2_ws/install/srv_pkg/lib/python3.14/site-packages/srv_pkg/srv
[1.903s] -- Up-to-date: /home/shreyas/ros2_projects/ros2_ws/install/srv_pkg/lib/python3.14/site-packages/srv_pkg/srv/_set_robot_speed_s.c
[1.904s] -- Up-to-date: /home/shreyas/ros2_projects/ros2_ws/install/srv_pkg/lib/python3.14/site-packages/srv_pkg/srv/_set_robot_speed.py
[1.904s] -- Up-to-date: /home/shreyas/ros2_projects/ros2_ws/install/srv_pkg/lib/python3.14/site-packages/srv_pkg/srv/__init__.py
[1.904s] -- Up-to-date: /home/shreyas/ros2_projects/ros2_ws/install/srv_pkg/lib/python3.14/site-packages/srv_pkg/_srv_pkg_s.ep.rosidl_typesupport_fastrtps_c.c
[1.904s] -- Up-to-date: /home/shreyas/ros2_projects/ros2_ws/install/srv_pkg/lib/python3.14/site-packages/srv_pkg/_srv_pkg_s.ep.rosidl_typesupport_introspection_c.c
[1.905s] -- Up-to-date: /home/shreyas/ros2_projects/ros2_ws/install/srv_pkg/lib/python3.14/site-packages/srv_pkg/py.typed
[1.905s] -- Up-to-date: /home/shreyas/ros2_projects/ros2_ws/install/srv_pkg/lib/python3.14/site-packages/srv_pkg/srv_pkg_s__rosidl_typesupport_fastrtps_c.so
[1.905s] -- Up-to-date: /home/shreyas/ros2_projects/ros2_ws/install/srv_pkg/lib/python3.14/site-packages/srv_pkg/srv_pkg_s__rosidl_typesupport_introspection_c.so
[1.906s] -- Up-to-date: /home/shreyas/ros2_projects/ros2_ws/install/srv_pkg/lib/python3.14/site-packages/srv_pkg/srv_pkg_s__rosidl_typesupport_c.so
[1.906s] -- Up-to-date: /home/shreyas/ros2_projects/ros2_ws/install/srv_pkg/lib/python3.14/site-packages/srv_pkg/__init__.py
[2.046s] Listing '/home/shreyas/ros2_projects/ros2_ws/install/srv_pkg/lib/python3.14/site-packages/srv_pkg'...
[2.046s] Listing '/home/shreyas/ros2_projects/ros2_ws/install/srv_pkg/lib/python3.14/site-packages/srv_pkg/srv'...
[2.070s] -- Up-to-date: /home/shreyas/ros2_projects/ros2_ws/install/srv_pkg/share/srv_pkg/cmake/rosidl_cmake-extras.cmake
[2.070s] -- Up-to-date: /home/shreyas/ros2_projects/ros2_ws/install/srv_pkg/share/srv_pkg/cmake/ament_cmake_export_dependencies-extras.cmake
[2.070s] -- Up-to-date: /home/shreyas/ros2_projects/ros2_ws/install/srv_pkg/share/srv_pkg/cmake/ament_cmake_export_include_directories-extras.cmake
[2.070s] -- Up-to-date: /home/shreyas/ros2_projects/ros2_ws/install/srv_pkg/share/srv_pkg/cmake/ament_cmake_export_libraries-extras.cmake
[2.071s] -- Up-to-date: /home/shreyas/ros2_projects/ros2_ws/install/srv_pkg/share/srv_pkg/cmake/ament_cmake_export_targets-extras.cmake
[2.071s] -- Up-to-date: /home/shreyas/ros2_projects/ros2_ws/install/srv_pkg/share/srv_pkg/cmake/rosidl_cmake_export_typesupport_targets-extras.cmake
[2.071s] -- Up-to-date: /home/shreyas/ros2_projects/ros2_ws/install/srv_pkg/share/srv_pkg/cmake/rosidl_cmake_export_typesupport_libraries-extras.cmake
[2.071s] -- Up-to-date: /home/shreyas/ros2_projects/ros2_ws/install/srv_pkg/share/srv_pkg/cmake/rosidl_cmake_aggregate_target-extras.cmake
[2.071s] -- Up-to-date: /home/shreyas/ros2_projects/ros2_ws/install/srv_pkg/share/srv_pkg/cmake/srv_pkgConfig.cmake
[2.072s] -- Up-to-date: /home/shreyas/ros2_projects/ros2_ws/install/srv_pkg/share/srv_pkg/cmake/srv_pkgConfig-version.cmake
[2.072s] -- Up-to-date: /home/shreyas/ros2_projects/ros2_ws/install/srv_pkg/share/srv_pkg/package.xml
[2.077s] Invoked command in '/home/shreyas/ros2_projects/ros2_ws/build/srv_pkg' returned '0': CMAKE_PREFIX_PATH=${CMAKE_PREFIX_PATH}:/home/shreyas/ros2_projects/ros2_ws/install/robotic_speed_service:/home/shreyas/ros2_projects/ros2_ws/install/boki_pkg:/opt/ros/lyrical DEBUGINFOD_URLS=https://debuginfod.ubuntu.com /usr/bin/cmake --install /home/shreyas/ros2_projects/ros2_ws/build/srv_pkg
