[1.408s] Invoking command in '/home/shreyas/ros2_projects/ros2_ws/src/robotic_speed_service': DEBUGINFOD_URLS=https://debuginfod.ubuntu.com PYTHONPATH=/home/shreyas/ros2_projects/ros2_ws/build/robotic_speed_service/prefix_override:/usr/lib/python3/dist-packages/colcon_core/task/python/colcon_distutils_commands:/home/shreyas/ros2_projects/ros2_ws/install/robotic_speed_service/lib/python3.14/site-packages:${PYTHONPATH} /usr/bin/python3 -W ignore:setup.py install is deprecated -W ignore:easy_install command is deprecated setup.py egg_info --egg-base ../../build/robotic_speed_service build --build-base /home/shreyas/ros2_projects/ros2_ws/build/robotic_speed_service/build install --record /home/shreyas/ros2_projects/ros2_ws/build/robotic_speed_service/install.log --install-scripts $base/lib/robotic_speed_service --single-version-externally-managed install_data
[1.923s] running egg_info
[1.953s] creating ../../build/robotic_speed_service/robotic_speed_service.egg-info
[1.954s] writing ../../build/robotic_speed_service/robotic_speed_service.egg-info/PKG-INFO
[1.954s] writing dependency_links to ../../build/robotic_speed_service/robotic_speed_service.egg-info/dependency_links.txt
[1.954s] writing entry points to ../../build/robotic_speed_service/robotic_speed_service.egg-info/entry_points.txt
[1.955s] writing requirements to ../../build/robotic_speed_service/robotic_speed_service.egg-info/requires.txt
[1.955s] writing top-level names to ../../build/robotic_speed_service/robotic_speed_service.egg-info/top_level.txt
[1.955s] writing manifest file '../../build/robotic_speed_service/robotic_speed_service.egg-info/SOURCES.txt'
[2.034s] reading manifest file '../../build/robotic_speed_service/robotic_speed_service.egg-info/SOURCES.txt'
[2.035s] writing manifest file '../../build/robotic_speed_service/robotic_speed_service.egg-info/SOURCES.txt'
[2.036s] running build
[2.037s] running build_py
[2.037s] creating /home/shreyas/ros2_projects/ros2_ws/build/robotic_speed_service/build/lib/robotic_speed_service
[2.038s] copying robotic_speed_service/speed_server.py -> /home/shreyas/ros2_projects/ros2_ws/build/robotic_speed_service/build/lib/robotic_speed_service
[2.038s] copying robotic_speed_service/__init__.py -> /home/shreyas/ros2_projects/ros2_ws/build/robotic_speed_service/build/lib/robotic_speed_service
[2.039s] copying robotic_speed_service/py.typed -> /home/shreyas/ros2_projects/ros2_ws/build/robotic_speed_service/build/lib/robotic_speed_service
[2.041s] running install
[2.048s] running install_lib
[2.084s] creating /home/shreyas/ros2_projects/ros2_ws/install/robotic_speed_service/lib/python3.14/site-packages/robotic_speed_service
[2.085s] copying /home/shreyas/ros2_projects/ros2_ws/build/robotic_speed_service/build/lib/robotic_speed_service/speed_server.py -> /home/shreyas/ros2_projects/ros2_ws/install/robotic_speed_service/lib/python3.14/site-packages/robotic_speed_service
[2.085s] copying /home/shreyas/ros2_projects/ros2_ws/build/robotic_speed_service/build/lib/robotic_speed_service/py.typed -> /home/shreyas/ros2_projects/ros2_ws/install/robotic_speed_service/lib/python3.14/site-packages/robotic_speed_service
[2.086s] copying /home/shreyas/ros2_projects/ros2_ws/build/robotic_speed_service/build/lib/robotic_speed_service/__init__.py -> /home/shreyas/ros2_projects/ros2_ws/install/robotic_speed_service/lib/python3.14/site-packages/robotic_speed_service
[2.087s] byte-compiling /home/shreyas/ros2_projects/ros2_ws/install/robotic_speed_service/lib/python3.14/site-packages/robotic_speed_service/speed_server.py to speed_server.cpython-314.pyc
[2.089s] byte-compiling /home/shreyas/ros2_projects/ros2_ws/install/robotic_speed_service/lib/python3.14/site-packages/robotic_speed_service/__init__.py to __init__.cpython-314.pyc
[2.089s] running install_data
[2.089s] creating /home/shreyas/ros2_projects/ros2_ws/install/robotic_speed_service/share/ament_index/resource_index/packages
[2.090s] copying resource/robotic_speed_service -> /home/shreyas/ros2_projects/ros2_ws/install/robotic_speed_service/share/ament_index/resource_index/packages
[2.090s] copying package.xml -> /home/shreyas/ros2_projects/ros2_ws/install/robotic_speed_service/share/robotic_speed_service
[2.090s] running install_egg_info
[2.125s] Copying ../../build/robotic_speed_service/robotic_speed_service.egg-info to /home/shreyas/ros2_projects/ros2_ws/install/robotic_speed_service/lib/python3.14/site-packages/robotic_speed_service-0.0.0-py3.14.egg-info
[2.127s] running install_scripts
[2.306s] Installing speed_server script to /home/shreyas/ros2_projects/ros2_ws/install/robotic_speed_service/lib/robotic_speed_service
[2.307s] writing list of installed files to '/home/shreyas/ros2_projects/ros2_ws/build/robotic_speed_service/install.log'
[2.371s] Invoked command in '/home/shreyas/ros2_projects/ros2_ws/src/robotic_speed_service' returned '0': DEBUGINFOD_URLS=https://debuginfod.ubuntu.com PYTHONPATH=/home/shreyas/ros2_projects/ros2_ws/build/robotic_speed_service/prefix_override:/usr/lib/python3/dist-packages/colcon_core/task/python/colcon_distutils_commands:/home/shreyas/ros2_projects/ros2_ws/install/robotic_speed_service/lib/python3.14/site-packages:${PYTHONPATH} /usr/bin/python3 -W ignore:setup.py install is deprecated -W ignore:easy_install command is deprecated setup.py egg_info --egg-base ../../build/robotic_speed_service build --build-base /home/shreyas/ros2_projects/ros2_ws/build/robotic_speed_service/build install --record /home/shreyas/ros2_projects/ros2_ws/build/robotic_speed_service/install.log --install-scripts $base/lib/robotic_speed_service --single-version-externally-managed install_data
