[1.204s] Invoking command in '/home/shreyas/ros2_projects/ros2_ws/src/boki_pkg': DEBUGINFOD_URLS=https://debuginfod.ubuntu.com PYTHONPATH=/home/shreyas/ros2_projects/ros2_ws/build/boki_pkg/prefix_override:/usr/lib/python3/dist-packages/colcon_core/task/python/colcon_distutils_commands:/home/shreyas/ros2_projects/ros2_ws/install/boki_pkg/lib/python3.14/site-packages:${PYTHONPATH} /usr/bin/python3 -W ignore:setup.py install is deprecated -W ignore:easy_install command is deprecated setup.py egg_info --egg-base ../../build/boki_pkg build --build-base /home/shreyas/ros2_projects/ros2_ws/build/boki_pkg/build install --record /home/shreyas/ros2_projects/ros2_ws/build/boki_pkg/install.log --install-scripts $base/lib/boki_pkg --single-version-externally-managed install_data
[1.615s] running egg_info
[1.651s] writing ../../build/boki_pkg/boki_pkg.egg-info/PKG-INFO
[1.652s] writing dependency_links to ../../build/boki_pkg/boki_pkg.egg-info/dependency_links.txt
[1.652s] writing entry points to ../../build/boki_pkg/boki_pkg.egg-info/entry_points.txt
[1.653s] writing requirements to ../../build/boki_pkg/boki_pkg.egg-info/requires.txt
[1.653s] writing top-level names to ../../build/boki_pkg/boki_pkg.egg-info/top_level.txt
[1.713s] reading manifest file '../../build/boki_pkg/boki_pkg.egg-info/SOURCES.txt'
[1.715s] writing manifest file '../../build/boki_pkg/boki_pkg.egg-info/SOURCES.txt'
[1.715s] running build
[1.715s] running build_py
[1.715s] copying boki_pkg/boki_node.py -> /home/shreyas/ros2_projects/ros2_ws/build/boki_pkg/build/lib/boki_pkg
[1.715s] copying boki_pkg/boki_publisher.py -> /home/shreyas/ros2_projects/ros2_ws/build/boki_pkg/build/lib/boki_pkg
[1.717s] copying boki_pkg/__init__.py -> /home/shreyas/ros2_projects/ros2_ws/build/boki_pkg/build/lib/boki_pkg
[1.717s] copying boki_pkg/py.typed -> /home/shreyas/ros2_projects/ros2_ws/build/boki_pkg/build/lib/boki_pkg
[1.717s] running install
[1.726s] running install_lib
[1.760s] copying /home/shreyas/ros2_projects/ros2_ws/build/boki_pkg/build/lib/boki_pkg/boki_publisher.py -> /home/shreyas/ros2_projects/ros2_ws/install/boki_pkg/lib/python3.14/site-packages/boki_pkg
[1.761s] byte-compiling /home/shreyas/ros2_projects/ros2_ws/install/boki_pkg/lib/python3.14/site-packages/boki_pkg/boki_publisher.py to boki_publisher.cpython-314.pyc
[1.762s] running install_data
[1.762s] copying resource/boki_pkg -> /home/shreyas/ros2_projects/ros2_ws/install/boki_pkg/share/ament_index/resource_index/packages
[1.763s] copying package.xml -> /home/shreyas/ros2_projects/ros2_ws/install/boki_pkg/share/boki_pkg
[1.763s] running install_egg_info
[1.792s] removing '/home/shreyas/ros2_projects/ros2_ws/install/boki_pkg/lib/python3.14/site-packages/boki_pkg-0.0.0-py3.14.egg-info' (and everything under it)
[1.793s] Copying ../../build/boki_pkg/boki_pkg.egg-info to /home/shreyas/ros2_projects/ros2_ws/install/boki_pkg/lib/python3.14/site-packages/boki_pkg-0.0.0-py3.14.egg-info
[1.795s] running install_scripts
[1.976s] Installing boki_node script to /home/shreyas/ros2_projects/ros2_ws/install/boki_pkg/lib/boki_pkg
[1.977s] Installing boki_publisher script to /home/shreyas/ros2_projects/ros2_ws/install/boki_pkg/lib/boki_pkg
[1.977s] writing list of installed files to '/home/shreyas/ros2_projects/ros2_ws/build/boki_pkg/install.log'
[2.050s] Invoked command in '/home/shreyas/ros2_projects/ros2_ws/src/boki_pkg' returned '0': DEBUGINFOD_URLS=https://debuginfod.ubuntu.com PYTHONPATH=/home/shreyas/ros2_projects/ros2_ws/build/boki_pkg/prefix_override:/usr/lib/python3/dist-packages/colcon_core/task/python/colcon_distutils_commands:/home/shreyas/ros2_projects/ros2_ws/install/boki_pkg/lib/python3.14/site-packages:${PYTHONPATH} /usr/bin/python3 -W ignore:setup.py install is deprecated -W ignore:easy_install command is deprecated setup.py egg_info --egg-base ../../build/boki_pkg build --build-base /home/shreyas/ros2_projects/ros2_ws/build/boki_pkg/build install --record /home/shreyas/ros2_projects/ros2_ws/build/boki_pkg/install.log --install-scripts $base/lib/boki_pkg --single-version-externally-managed install_data
