running egg_info
writing ../../build/first_pkg/first_pkg.egg-info/PKG-INFO
writing dependency_links to ../../build/first_pkg/first_pkg.egg-info/dependency_links.txt
writing entry points to ../../build/first_pkg/first_pkg.egg-info/entry_points.txt
writing requirements to ../../build/first_pkg/first_pkg.egg-info/requires.txt
writing top-level names to ../../build/first_pkg/first_pkg.egg-info/top_level.txt
reading manifest file '../../build/first_pkg/first_pkg.egg-info/SOURCES.txt'
adding license file 'LICENSE'
writing manifest file '../../build/first_pkg/first_pkg.egg-info/SOURCES.txt'
running build
running build_py
copying first_pkg/simple_node.py -> /home/shreyas/ros2_projects/ros2_project/build/first_pkg/build/lib/first_pkg
copying first_pkg/publisher_node.py -> /home/shreyas/ros2_projects/ros2_project/build/first_pkg/build/lib/first_pkg
copying first_pkg/__init__.py -> /home/shreyas/ros2_projects/ros2_project/build/first_pkg/build/lib/first_pkg
copying first_pkg/py.typed -> /home/shreyas/ros2_projects/ros2_project/build/first_pkg/build/lib/first_pkg
running install
running install_lib
running install_data
copying resource/first_pkg -> /home/shreyas/ros2_projects/ros2_project/install/first_pkg/share/ament_index/resource_index/packages
copying package.xml -> /home/shreyas/ros2_projects/ros2_project/install/first_pkg/share/first_pkg
running install_egg_info
removing '/home/shreyas/ros2_projects/ros2_project/install/first_pkg/lib/python3.14/site-packages/first_pkg-0.0.0-py3.14.egg-info' (and everything under it)
Copying ../../build/first_pkg/first_pkg.egg-info to /home/shreyas/ros2_projects/ros2_project/install/first_pkg/lib/python3.14/site-packages/first_pkg-0.0.0-py3.14.egg-info
running install_scripts
Installing publisher_node script to /home/shreyas/ros2_projects/ros2_project/install/first_pkg/lib/first_pkg
Installing simple_node script to /home/shreyas/ros2_projects/ros2_project/install/first_pkg/lib/first_pkg
writing list of installed files to '/home/shreyas/ros2_projects/ros2_project/build/first_pkg/install.log'
