[1.571s] Invoking command in '/home/shreyas/ros2_projects/ros2_project/src/first_pkg': DEBUGINFOD_URLS=https://debuginfod.ubuntu.com PYTHONPATH=/home/shreyas/ros2_projects/ros2_project/build/first_pkg/prefix_override:/usr/lib/python3/dist-packages/colcon_core/task/python/colcon_distutils_commands:/home/shreyas/ros2_projects/ros2_project/install/first_pkg/lib/python3.14/site-packages:${PYTHONPATH} /usr/bin/python3 -W ignore:setup.py install is deprecated -W ignore:easy_install command is deprecated setup.py egg_info --egg-base ../../build/first_pkg build --build-base /home/shreyas/ros2_projects/ros2_project/build/first_pkg/build install --record /home/shreyas/ros2_projects/ros2_project/build/first_pkg/install.log --install-scripts $base/lib/first_pkg --single-version-externally-managed install_data
[2.098s] running egg_info
[2.134s] writing ../../build/first_pkg/first_pkg.egg-info/PKG-INFO
[2.137s] writing dependency_links to ../../build/first_pkg/first_pkg.egg-info/dependency_links.txt
[2.138s] writing entry points to ../../build/first_pkg/first_pkg.egg-info/entry_points.txt
[2.138s] writing requirements to ../../build/first_pkg/first_pkg.egg-info/requires.txt
[2.140s] writing top-level names to ../../build/first_pkg/first_pkg.egg-info/top_level.txt
[2.231s] reading manifest file '../../build/first_pkg/first_pkg.egg-info/SOURCES.txt'
[2.232s] adding license file 'LICENSE'
[2.234s] writing manifest file '../../build/first_pkg/first_pkg.egg-info/SOURCES.txt'
[2.235s] running build
[2.236s] running build_py
[2.236s] copying first_pkg/simple_node.py -> /home/shreyas/ros2_projects/ros2_project/build/first_pkg/build/lib/first_pkg
[2.238s] copying first_pkg/publisher_node.py -> /home/shreyas/ros2_projects/ros2_project/build/first_pkg/build/lib/first_pkg
[2.238s] copying first_pkg/__init__.py -> /home/shreyas/ros2_projects/ros2_project/build/first_pkg/build/lib/first_pkg
[2.238s] copying first_pkg/py.typed -> /home/shreyas/ros2_projects/ros2_project/build/first_pkg/build/lib/first_pkg
[2.239s] running install
[2.250s] running install_lib
[2.294s] copying /home/shreyas/ros2_projects/ros2_project/build/first_pkg/build/lib/first_pkg/publisher_node.py -> /home/shreyas/ros2_projects/ros2_project/install/first_pkg/lib/python3.14/site-packages/first_pkg
[2.296s] byte-compiling /home/shreyas/ros2_projects/ros2_project/install/first_pkg/lib/python3.14/site-packages/first_pkg/publisher_node.py to publisher_node.cpython-314.pyc
[2.296s] running install_data
[2.299s] copying resource/first_pkg -> /home/shreyas/ros2_projects/ros2_project/install/first_pkg/share/ament_index/resource_index/packages
[2.299s] copying package.xml -> /home/shreyas/ros2_projects/ros2_project/install/first_pkg/share/first_pkg
[2.299s] running install_egg_info
[2.346s] removing '/home/shreyas/ros2_projects/ros2_project/install/first_pkg/lib/python3.14/site-packages/first_pkg-0.0.0-py3.14.egg-info' (and everything under it)
[2.346s] Copying ../../build/first_pkg/first_pkg.egg-info to /home/shreyas/ros2_projects/ros2_project/install/first_pkg/lib/python3.14/site-packages/first_pkg-0.0.0-py3.14.egg-info
[2.350s] running install_scripts
[2.551s] Installing publisher_node script to /home/shreyas/ros2_projects/ros2_project/install/first_pkg/lib/first_pkg
[2.551s] Installing simple_node script to /home/shreyas/ros2_projects/ros2_project/install/first_pkg/lib/first_pkg
[2.552s] writing list of installed files to '/home/shreyas/ros2_projects/ros2_project/build/first_pkg/install.log'
[2.634s] Invoked command in '/home/shreyas/ros2_projects/ros2_project/src/first_pkg' returned '0': DEBUGINFOD_URLS=https://debuginfod.ubuntu.com PYTHONPATH=/home/shreyas/ros2_projects/ros2_project/build/first_pkg/prefix_override:/usr/lib/python3/dist-packages/colcon_core/task/python/colcon_distutils_commands:/home/shreyas/ros2_projects/ros2_project/install/first_pkg/lib/python3.14/site-packages:${PYTHONPATH} /usr/bin/python3 -W ignore:setup.py install is deprecated -W ignore:easy_install command is deprecated setup.py egg_info --egg-base ../../build/first_pkg build --build-base /home/shreyas/ros2_projects/ros2_project/build/first_pkg/build install --record /home/shreyas/ros2_projects/ros2_project/build/first_pkg/install.log --install-scripts $base/lib/first_pkg --single-version-externally-managed install_data
