[1.648s] Invoking command in '/home/shreyas/ros2_projects/ros2_ws/src/boki_pkg': DEBUGINFOD_URLS=https://debuginfod.ubuntu.com PYTHONPATH=/home/shreyas/ros2_projects/ros2_ws/build/boki_pkg/prefix_override:/usr/lib/python3/dist-packages/colcon_core/task/python/colcon_distutils_commands:/home/shreyas/ros2_projects/ros2_ws/install/boki_pkg/lib/python3.14/site-packages:${PYTHONPATH} /usr/bin/python3 -W ignore:setup.py install is deprecated -W ignore:easy_install command is deprecated setup.py egg_info --egg-base ../../build/boki_pkg build --build-base /home/shreyas/ros2_projects/ros2_ws/build/boki_pkg/build install --record /home/shreyas/ros2_projects/ros2_ws/build/boki_pkg/install.log --install-scripts $base/lib/boki_pkg --single-version-externally-managed install_data
[2.102s] running egg_info
[2.133s] writing ../../build/boki_pkg/boki_pkg.egg-info/PKG-INFO
[2.134s] writing dependency_links to ../../build/boki_pkg/boki_pkg.egg-info/dependency_links.txt
[2.135s] writing entry points to ../../build/boki_pkg/boki_pkg.egg-info/entry_points.txt
[2.135s] writing requirements to ../../build/boki_pkg/boki_pkg.egg-info/requires.txt
[2.135s] writing top-level names to ../../build/boki_pkg/boki_pkg.egg-info/top_level.txt
[2.208s] reading manifest file '../../build/boki_pkg/boki_pkg.egg-info/SOURCES.txt'
[2.210s] writing manifest file '../../build/boki_pkg/boki_pkg.egg-info/SOURCES.txt'
[2.211s] running build
[2.212s] running build_py
[2.212s] copying boki_pkg/boki_node.py -> /home/shreyas/ros2_projects/ros2_ws/build/boki_pkg/build/lib/boki_pkg
[2.212s] copying boki_pkg/boki_publisher.py -> /home/shreyas/ros2_projects/ros2_ws/build/boki_pkg/build/lib/boki_pkg
[2.213s] copying boki_pkg/__init__.py -> /home/shreyas/ros2_projects/ros2_ws/build/boki_pkg/build/lib/boki_pkg
[2.213s] copying boki_pkg/boki_subscriber.py -> /home/shreyas/ros2_projects/ros2_ws/build/boki_pkg/build/lib/boki_pkg
[2.214s] copying boki_pkg/py.typed -> /home/shreyas/ros2_projects/ros2_ws/build/boki_pkg/build/lib/boki_pkg
[2.214s] running install
[2.224s] running install_lib
[2.262s] running install_data
[2.262s] copying resource/boki_pkg -> /home/shreyas/ros2_projects/ros2_ws/install/boki_pkg/share/ament_index/resource_index/packages
[2.263s] copying package.xml -> /home/shreyas/ros2_projects/ros2_ws/install/boki_pkg/share/boki_pkg
[2.263s] running install_egg_info
[2.296s] removing '/home/shreyas/ros2_projects/ros2_ws/install/boki_pkg/lib/python3.14/site-packages/boki_pkg-0.0.0-py3.14.egg-info' (and everything under it)
[2.296s] Copying ../../build/boki_pkg/boki_pkg.egg-info to /home/shreyas/ros2_projects/ros2_ws/install/boki_pkg/lib/python3.14/site-packages/boki_pkg-0.0.0-py3.14.egg-info
[2.298s] running install_scripts
[2.464s] Installing boki_node script to /home/shreyas/ros2_projects/ros2_ws/install/boki_pkg/lib/boki_pkg
[2.464s] Installing boki_publisher script to /home/shreyas/ros2_projects/ros2_ws/install/boki_pkg/lib/boki_pkg
[2.464s] Installing boki_subscriber script to /home/shreyas/ros2_projects/ros2_ws/install/boki_pkg/lib/boki_pkg
[2.465s] writing list of installed files to '/home/shreyas/ros2_projects/ros2_ws/build/boki_pkg/install.log'
[2.543s] Invoked command in '/home/shreyas/ros2_projects/ros2_ws/src/boki_pkg' returned '0': DEBUGINFOD_URLS=https://debuginfod.ubuntu.com PYTHONPATH=/home/shreyas/ros2_projects/ros2_ws/build/boki_pkg/prefix_override:/usr/lib/python3/dist-packages/colcon_core/task/python/colcon_distutils_commands:/home/shreyas/ros2_projects/ros2_ws/install/boki_pkg/lib/python3.14/site-packages:${PYTHONPATH} /usr/bin/python3 -W ignore:setup.py install is deprecated -W ignore:easy_install command is deprecated setup.py egg_info --egg-base ../../build/boki_pkg build --build-base /home/shreyas/ros2_projects/ros2_ws/build/boki_pkg/build install --record /home/shreyas/ros2_projects/ros2_ws/build/boki_pkg/install.log --install-scripts $base/lib/boki_pkg --single-version-externally-managed install_data
