/home/shreyas/ros2_projects/ros2_ws/install/boki_pkg/lib/python3.14/site-packages/boki_pkg/boki_node.py
/home/shreyas/ros2_projects/ros2_ws/install/boki_pkg/lib/python3.14/site-packages/boki_pkg/boki_publisher.py
/home/shreyas/ros2_projects/ros2_ws/install/boki_pkg/lib/python3.14/site-packages/boki_pkg/__init__.py
/home/shreyas/ros2_projects/ros2_ws/install/boki_pkg/lib/python3.14/site-packages/boki_pkg/boki_subscriber.py
/home/shreyas/ros2_projects/ros2_ws/install/boki_pkg/lib/python3.14/site-packages/boki_pkg/py.typed
/home/shreyas/ros2_projects/ros2_ws/install/boki_pkg/lib/python3.14/site-packages/boki_pkg/__pycache__/boki_node.cpython-314.pyc
/home/shreyas/ros2_projects/ros2_ws/install/boki_pkg/lib/python3.14/site-packages/boki_pkg/__pycache__/boki_publisher.cpython-314.pyc
/home/shreyas/ros2_projects/ros2_ws/install/boki_pkg/lib/python3.14/site-packages/boki_pkg/__pycache__/__init__.cpython-314.pyc
/home/shreyas/ros2_projects/ros2_ws/install/boki_pkg/lib/python3.14/site-packages/boki_pkg/__pycache__/boki_subscriber.cpython-314.pyc
/home/shreyas/ros2_projects/ros2_ws/install/boki_pkg/share/ament_index/resource_index/packages/boki_pkg
/home/shreyas/ros2_projects/ros2_ws/install/boki_pkg/share/boki_pkg/package.xml
/home/shreyas/ros2_projects/ros2_ws/install/boki_pkg/lib/python3.14/site-packages/boki_pkg-0.0.0-py3.14.egg-info/dependency_links.txt
/home/shreyas/ros2_projects/ros2_ws/install/boki_pkg/lib/python3.14/site-packages/boki_pkg-0.0.0-py3.14.egg-info/zip-safe
/home/shreyas/ros2_projects/ros2_ws/install/boki_pkg/lib/python3.14/site-packages/boki_pkg-0.0.0-py3.14.egg-info/SOURCES.txt
/home/shreyas/ros2_projects/ros2_ws/install/boki_pkg/lib/python3.14/site-packages/boki_pkg-0.0.0-py3.14.egg-info/requires.txt
/home/shreyas/ros2_projects/ros2_ws/install/boki_pkg/lib/python3.14/site-packages/boki_pkg-0.0.0-py3.14.egg-info/PKG-INFO
/home/shreyas/ros2_projects/ros2_ws/install/boki_pkg/lib/python3.14/site-packages/boki_pkg-0.0.0-py3.14.egg-info/entry_points.txt
/home/shreyas/ros2_projects/ros2_ws/install/boki_pkg/lib/python3.14/site-packages/boki_pkg-0.0.0-py3.14.egg-info/top_level.txt
/home/shreyas/ros2_projects/ros2_ws/install/boki_pkg/lib/boki_pkg/boki_node
/home/shreyas/ros2_projects/ros2_ws/install/boki_pkg/lib/boki_pkg/boki_publisher
/home/shreyas/ros2_projects/ros2_ws/install/boki_pkg/lib/boki_pkg/boki_subscriber
