[0.041s] Invoking command in '/home/shreyas/ros2_projects/ros2_ws/build/srv_pkg': CMAKE_PREFIX_PATH=${CMAKE_PREFIX_PATH}:/home/shreyas/ros2_projects/ros2_ws/install/robotic_speed_service:/home/shreyas/ros2_projects/ros2_ws/install/boki_pkg:/opt/ros/lyrical DEBUGINFOD_URLS=https://debuginfod.ubuntu.com /usr/bin/cmake --build /home/shreyas/ros2_projects/ros2_ws/build/srv_pkg -- -j8 -l8
[0.204s] [  5%] Built target srv_pkg__rs
[0.204s] [  5%] Built target srv_pkg__rosidl_generator_type_description
[0.274s] [  8%] Built target srv_pkg__cpp
[0.277s] [ 22%] Built target srv_pkg__rosidl_generator_c
[0.359s] [ 31%] Built target srv_pkg__rosidl_typesupport_introspection_c
[0.365s] [ 48%] Built target srv_pkg__rosidl_typesupport_c
[0.365s] [ 48%] Built target srv_pkg__rosidl_typesupport_cpp
[0.378s] [ 57%] Built target srv_pkg__rosidl_typesupport_introspection_cpp
[0.379s] [ 65%] Built target srv_pkg__rosidl_typesupport_fastrtps_c
[0.382s] [ 74%] Built target srv_pkg__rosidl_typesupport_fastrtps_cpp
[0.448s] [ 74%] Built target srv_pkg
[0.512s] [ 77%] Built target srv_pkg__py
[0.592s] [ 82%] Built target srv_pkg__rosidl_generator_py
[0.669s] [ 88%] Built target srv_pkg_s__rosidl_typesupport_c
[0.671s] [ 94%] Built target srv_pkg_s__rosidl_typesupport_fastrtps_c
[0.672s] [100%] Built target srv_pkg_s__rosidl_typesupport_introspection_c
[0.694s] [100%] Built target ament_cmake_python_sync_srv_pkg
[1.135s] running egg_info
[1.172s] writing srv_pkg.egg-info/PKG-INFO
[1.172s] writing dependency_links to srv_pkg.egg-info/dependency_links.txt
[1.173s] writing top-level names to srv_pkg.egg-info/top_level.txt
[1.282s] reading manifest file 'srv_pkg.egg-info/SOURCES.txt'
[1.283s] writing manifest file 'srv_pkg.egg-info/SOURCES.txt'
[1.359s] [100%] Built target ament_cmake_python_build_srv_pkg_egg
[1.385s] Invoked command in '/home/shreyas/ros2_projects/ros2_ws/build/srv_pkg' returned '0': CMAKE_PREFIX_PATH=${CMAKE_PREFIX_PATH}:/home/shreyas/ros2_projects/ros2_ws/install/robotic_speed_service:/home/shreyas/ros2_projects/ros2_ws/install/boki_pkg:/opt/ros/lyrical DEBUGINFOD_URLS=https://debuginfod.ubuntu.com /usr/bin/cmake --build /home/shreyas/ros2_projects/ros2_ws/build/srv_pkg -- -j8 -l8
[1.412s] Invoking command in '/home/shreyas/ros2_projects/ros2_ws/build/srv_pkg': CMAKE_PREFIX_PATH=${CMAKE_PREFIX_PATH}:/home/shreyas/ros2_projects/ros2_ws/install/robotic_speed_service:/home/shreyas/ros2_projects/ros2_ws/install/boki_pkg:/opt/ros/lyrical DEBUGINFOD_URLS=https://debuginfod.ubuntu.com /usr/bin/cmake --install /home/shreyas/ros2_projects/ros2_ws/build/srv_pkg
[1.431s] -- Install configuration: ""
[1.431s] -- Up-to-date: /home/shreyas/ros2_projects/ros2_ws/install/srv_pkg/share/ament_index/resource_index/rosidl_interfaces/srv_pkg
[1.432s] -- Up-to-date: /home/shreyas/ros2_projects/ros2_ws/install/srv_pkg/share/srv_pkg/srv/SetRobotSpeed.json
[1.432s] -- Up-to-date: /home/shreyas/ros2_projects/ros2_ws/install/srv_pkg/include/srv_pkg/srv_pkg
[1.433s] -- Up-to-date: /home/shreyas/ros2_projects/ros2_ws/install/srv_pkg/include/srv_pkg/srv_pkg/msg
[1.434s] -- Up-to-date: /home/shreyas/ros2_projects/ros2_ws/install/srv_pkg/include/srv_pkg/srv_pkg/msg/rosidl_generator_c__visibility_control.h
[1.434s] -- Up-to-date: /home/shreyas/ros2_projects/ros2_ws/install/srv_pkg/include/srv_pkg/srv_pkg/srv
[1.434s] -- Up-to-date: /home/shreyas/ros2_projects/ros2_ws/install/srv_pkg/include/srv_pkg/srv_pkg/srv/detail
[1.435s] -- Up-to-date: /home/shreyas/ros2_projects/ros2_ws/install/srv_pkg/include/srv_pkg/srv_pkg/srv/detail/set_robot_speed__type_support.h
[1.435s] -- Up-to-date: /home/shreyas/ros2_projects/ros2_ws/install/srv_pkg/include/srv_pkg/srv_pkg/srv/detail/set_robot_speed__functions.h
[1.436s] -- Up-to-date: /home/shreyas/ros2_projects/ros2_ws/install/srv_pkg/include/srv_pkg/srv_pkg/srv/detail/set_robot_speed__type_support.c
[1.436s] -- Up-to-date: /home/shreyas/ros2_projects/ros2_ws/install/srv_pkg/include/srv_pkg/srv_pkg/srv/detail/set_robot_speed__description.c
[1.436s] -- Up-to-date: /home/shreyas/ros2_projects/ros2_ws/install/srv_pkg/include/srv_pkg/srv_pkg/srv/detail/set_robot_speed__struct.h
[1.437s] -- Up-to-date: /home/shreyas/ros2_projects/ros2_ws/install/srv_pkg/include/srv_pkg/srv_pkg/srv/detail/set_robot_speed__functions.c
[1.437s] -- Up-to-date: /home/shreyas/ros2_projects/ros2_ws/install/srv_pkg/include/srv_pkg/srv_pkg/srv/set_robot_speed.h
[1.437s] -- Up-to-date: /home/shreyas/ros2_projects/ros2_ws/install/srv_pkg/share/srv_pkg/environment/library_path.sh
[1.438s] -- Up-to-date: /home/shreyas/ros2_projects/ros2_ws/install/srv_pkg/share/srv_pkg/environment/library_path.dsv
[1.438s] -- Up-to-date: /home/shreyas/ros2_projects/ros2_ws/install/srv_pkg/lib/libsrv_pkg__rosidl_generator_c.so
[1.438s] -- Up-to-date: /home/shreyas/ros2_projects/ros2_ws/install/srv_pkg/include/srv_pkg/srv_pkg
[1.439s] -- Up-to-date: /home/shreyas/ros2_projects/ros2_ws/install/srv_pkg/include/srv_pkg/srv_pkg/msg
[1.439s] -- Up-to-date: /home/shreyas/ros2_projects/ros2_ws/install/srv_pkg/include/srv_pkg/srv_pkg/msg/rosidl_typesupport_fastrtps_c__visibility_control.h
[1.440s] -- Up-to-date: /home/shreyas/ros2_projects/ros2_ws/install/srv_pkg/include/srv_pkg/srv_pkg/srv
[1.440s] -- Up-to-date: /home/shreyas/ros2_projects/ros2_ws/install/srv_pkg/include/srv_pkg/srv_pkg/srv/detail
[1.440s] -- Up-to-date: /home/shreyas/ros2_projects/ros2_ws/install/srv_pkg/include/srv_pkg/srv_pkg/srv/detail/set_robot_speed__rosidl_typesupport_fastrtps_c.h
[1.441s] -- Up-to-date: /home/shreyas/ros2_projects/ros2_ws/install/srv_pkg/lib/libsrv_pkg__rosidl_typesupport_fastrtps_c.so
[1.441s] -- Up-to-date: /home/shreyas/ros2_projects/ros2_ws/install/srv_pkg/include/srv_pkg/srv_pkg
[1.441s] -- Up-to-date: /home/shreyas/ros2_projects/ros2_ws/install/srv_pkg/include/srv_pkg/srv_pkg/msg
[1.441s] -- Up-to-date: /home/shreyas/ros2_projects/ros2_ws/install/srv_pkg/include/srv_pkg/srv_pkg/msg/rosidl_typesupport_introspection_c__visibility_control.h
[1.441s] -- Up-to-date: /home/shreyas/ros2_projects/ros2_ws/install/srv_pkg/include/srv_pkg/srv_pkg/srv
[1.442s] -- Up-to-date: /home/shreyas/ros2_projects/ros2_ws/install/srv_pkg/include/srv_pkg/srv_pkg/srv/detail
[1.442s] -- Up-to-date: /home/shreyas/ros2_projects/ros2_ws/install/srv_pkg/include/srv_pkg/srv_pkg/srv/detail/set_robot_speed__type_support.c
[1.442s] -- Up-to-date: /home/shreyas/ros2_projects/ros2_ws/install/srv_pkg/include/srv_pkg/srv_pkg/srv/detail/set_robot_speed__rosidl_typesupport_introspection_c.h
[1.442s] -- Up-to-date: /home/shreyas/ros2_projects/ros2_ws/install/srv_pkg/lib/libsrv_pkg__rosidl_typesupport_introspection_c.so
[1.443s] -- Up-to-date: /home/shreyas/ros2_projects/ros2_ws/install/srv_pkg/lib/libsrv_pkg__rosidl_typesupport_c.so
[1.443s] -- Up-to-date: /home/shreyas/ros2_projects/ros2_ws/install/srv_pkg/include/srv_pkg/srv_pkg
[1.443s] -- Up-to-date: /home/shreyas/ros2_projects/ros2_ws/install/srv_pkg/include/srv_pkg/srv_pkg/msg
[1.443s] -- Up-to-date: /home/shreyas/ros2_projects/ros2_ws/install/srv_pkg/include/srv_pkg/srv_pkg/msg/rosidl_generator_cpp__visibility_control.hpp
[1.443s] -- Up-to-date: /home/shreyas/ros2_projects/ros2_ws/install/srv_pkg/include/srv_pkg/srv_pkg/srv
[1.444s] -- Up-to-date: /home/shreyas/ros2_projects/ros2_ws/install/srv_pkg/include/srv_pkg/srv_pkg/srv/set_robot_speed.hpp
[1.444s] -- Up-to-date: /home/shreyas/ros2_projects/ros2_ws/install/srv_pkg/include/srv_pkg/srv_pkg/srv/detail
[1.444s] -- Up-to-date: /home/shreyas/ros2_projects/ros2_ws/install/srv_pkg/include/srv_pkg/srv_pkg/srv/detail/set_robot_speed__type_support.hpp
[1.444s] -- Up-to-date: /home/shreyas/ros2_projects/ros2_ws/install/srv_pkg/include/srv_pkg/srv_pkg/srv/detail/set_robot_speed__builder.hpp
[1.444s] -- Up-to-date: /home/shreyas/ros2_projects/ros2_ws/install/srv_pkg/include/srv_pkg/srv_pkg/srv/detail/set_robot_speed__traits.hpp
[1.445s] -- Up-to-date: /home/shreyas/ros2_projects/ros2_ws/install/srv_pkg/include/srv_pkg/srv_pkg/srv/detail/set_robot_speed__struct.hpp
[1.445s] -- Up-to-date: /home/shreyas/ros2_projects/ros2_ws/install/srv_pkg/include/srv_pkg/srv_pkg
[1.445s] -- Up-to-date: /home/shreyas/ros2_projects/ros2_ws/install/srv_pkg/include/srv_pkg/srv_pkg/msg
[1.445s] -- Up-to-date: /home/shreyas/ros2_projects/ros2_ws/install/srv_pkg/include/srv_pkg/srv_pkg/msg/rosidl_typesupport_fastrtps_cpp__visibility_control.h
[1.446s] -- Up-to-date: /home/shreyas/ros2_projects/ros2_ws/install/srv_pkg/include/srv_pkg/srv_pkg/srv
[1.446s] -- Up-to-date: /home/shreyas/ros2_projects/ros2_ws/install/srv_pkg/include/srv_pkg/srv_pkg/srv/detail
[1.446s] -- Up-to-date: /home/shreyas/ros2_projects/ros2_ws/install/srv_pkg/include/srv_pkg/srv_pkg/srv/detail/dds_fastrtps
[1.446s] -- Up-to-date: /home/shreyas/ros2_projects/ros2_ws/install/srv_pkg/include/srv_pkg/srv_pkg/srv/detail/set_robot_speed__rosidl_typesupport_fastrtps_cpp.hpp
[1.446s] -- Up-to-date: /home/shreyas/ros2_projects/ros2_ws/install/srv_pkg/lib/libsrv_pkg__rosidl_typesupport_fastrtps_cpp.so
[1.447s] -- Up-to-date: /home/shreyas/ros2_projects/ros2_ws/install/srv_pkg/include/srv_pkg/srv_pkg
[1.447s] -- Up-to-date: /home/shreyas/ros2_projects/ros2_ws/install/srv_pkg/include/srv_pkg/srv_pkg/srv
[1.447s] -- Up-to-date: /home/shreyas/ros2_projects/ros2_ws/install/srv_pkg/include/srv_pkg/srv_pkg/srv/detail
[1.447s] -- Up-to-date: /home/shreyas/ros2_projects/ros2_ws/install/srv_pkg/include/srv_pkg/srv_pkg/srv/detail/set_robot_speed__rosidl_typesupport_introspection_cpp.hpp
[1.447s] -- Up-to-date: /home/shreyas/ros2_projects/ros2_ws/install/srv_pkg/include/srv_pkg/srv_pkg/srv/detail/set_robot_speed__type_support.cpp
[1.448s] -- Up-to-date: /home/shreyas/ros2_projects/ros2_ws/install/srv_pkg/lib/libsrv_pkg__rosidl_typesupport_introspection_cpp.so
[1.448s] -- Up-to-date: /home/shreyas/ros2_projects/ros2_ws/install/srv_pkg/lib/libsrv_pkg__rosidl_typesupport_cpp.so
[1.448s] -- Up-to-date: /home/shreyas/ros2_projects/ros2_ws/install/srv_pkg/share/srv_pkg/environment/pythonpath.sh
[1.448s] -- Up-to-date: /home/shreyas/ros2_projects/ros2_ws/install/srv_pkg/share/srv_pkg/environment/pythonpath.dsv
[1.448s] -- Up-to-date: /home/shreyas/ros2_projects/ros2_ws/install/srv_pkg/lib/python3.14/site-packages/srv_pkg/srv_pkg_s__rosidl_typesupport_fastrtps_c.so
[1.449s] -- Up-to-date: /home/shreyas/ros2_projects/ros2_ws/install/srv_pkg/lib/python3.14/site-packages/srv_pkg/srv_pkg_s__rosidl_typesupport_introspection_c.so
[1.449s] -- Up-to-date: /home/shreyas/ros2_projects/ros2_ws/install/srv_pkg/lib/python3.14/site-packages/srv_pkg/srv_pkg_s__rosidl_typesupport_c.so
[1.449s] -- Up-to-date: /home/shreyas/ros2_projects/ros2_ws/install/srv_pkg/lib/libsrv_pkg__rosidl_generator_py.so
[1.449s] -- Up-to-date: /home/shreyas/ros2_projects/ros2_ws/install/srv_pkg/share/srv_pkg/rust
[1.450s] -- Up-to-date: /home/shreyas/ros2_projects/ros2_ws/install/srv_pkg/share/srv_pkg/rust/src
[1.450s] -- Up-to-date: /home/shreyas/ros2_projects/ros2_ws/install/srv_pkg/share/srv_pkg/rust/src/srv
[1.450s] -- Up-to-date: /home/shreyas/ros2_projects/ros2_ws/install/srv_pkg/share/srv_pkg/rust/src/srv/rmw.rs
[1.450s] -- Up-to-date: /home/shreyas/ros2_projects/ros2_ws/install/srv_pkg/share/srv_pkg/rust/src/srv.rs
[1.451s] -- Up-to-date: /home/shreyas/ros2_projects/ros2_ws/install/srv_pkg/share/srv_pkg/rust/src/lib.rs
[1.451s] -- Up-to-date: /home/shreyas/ros2_projects/ros2_ws/install/srv_pkg/share/srv_pkg/rust/Cargo.toml
[1.451s] -- Up-to-date: /home/shreyas/ros2_projects/ros2_ws/install/srv_pkg/share/srv_pkg/rust/build.rs
[1.451s] -- Up-to-date: /home/shreyas/ros2_projects/ros2_ws/install/srv_pkg/share/srv_pkg/srv/SetRobotSpeed.idl
[1.451s] -- Up-to-date: /home/shreyas/ros2_projects/ros2_ws/install/srv_pkg/share/srv_pkg/srv/SetRobotSpeed.srv
[1.452s] -- Up-to-date: /home/shreyas/ros2_projects/ros2_ws/install/srv_pkg/share/ament_index/resource_index/package_run_dependencies/srv_pkg
[1.452s] -- Up-to-date: /home/shreyas/ros2_projects/ros2_ws/install/srv_pkg/share/ament_index/resource_index/parent_prefix_path/srv_pkg
[1.452s] -- Up-to-date: /home/shreyas/ros2_projects/ros2_ws/install/srv_pkg/share/srv_pkg/environment/ament_prefix_path.sh
[1.452s] -- Up-to-date: /home/shreyas/ros2_projects/ros2_ws/install/srv_pkg/share/srv_pkg/environment/ament_prefix_path.dsv
[1.452s] -- Up-to-date: /home/shreyas/ros2_projects/ros2_ws/install/srv_pkg/share/srv_pkg/environment/path.sh
[1.453s] -- Up-to-date: /home/shreyas/ros2_projects/ros2_ws/install/srv_pkg/share/srv_pkg/environment/path.dsv
[1.453s] -- Up-to-date: /home/shreyas/ros2_projects/ros2_ws/install/srv_pkg/share/srv_pkg/local_setup.bash
[1.453s] -- Up-to-date: /home/shreyas/ros2_projects/ros2_ws/install/srv_pkg/share/srv_pkg/local_setup.fish
[1.453s] -- Up-to-date: /home/shreyas/ros2_projects/ros2_ws/install/srv_pkg/share/srv_pkg/local_setup.sh
[1.454s] -- Up-to-date: /home/shreyas/ros2_projects/ros2_ws/install/srv_pkg/share/srv_pkg/local_setup.zsh
[1.454s] -- Up-to-date: /home/shreyas/ros2_projects/ros2_ws/install/srv_pkg/share/srv_pkg/local_setup.dsv
[1.454s] -- Installing: /home/shreyas/ros2_projects/ros2_ws/install/srv_pkg/share/srv_pkg/package.dsv
[1.454s] -- Up-to-date: /home/shreyas/ros2_projects/ros2_ws/install/srv_pkg/share/ament_index/resource_index/packages/srv_pkg
[1.454s] -- Up-to-date: /home/shreyas/ros2_projects/ros2_ws/install/srv_pkg/share/srv_pkg/cmake/export_srv_pkg__rosidl_generator_cExport.cmake
[1.455s] -- Up-to-date: /home/shreyas/ros2_projects/ros2_ws/install/srv_pkg/share/srv_pkg/cmake/export_srv_pkg__rosidl_generator_cExport-noconfig.cmake
[1.455s] -- Up-to-date: /home/shreyas/ros2_projects/ros2_ws/install/srv_pkg/share/srv_pkg/cmake/export_srv_pkg__rosidl_typesupport_fastrtps_cExport.cmake
[1.455s] -- Up-to-date: /home/shreyas/ros2_projects/ros2_ws/install/srv_pkg/share/srv_pkg/cmake/export_srv_pkg__rosidl_typesupport_fastrtps_cExport-noconfig.cmake
[1.455s] -- Up-to-date: /home/shreyas/ros2_projects/ros2_ws/install/srv_pkg/share/srv_pkg/cmake/srv_pkg__rosidl_typesupport_introspection_cExport.cmake
[1.456s] -- Up-to-date: /home/shreyas/ros2_projects/ros2_ws/install/srv_pkg/share/srv_pkg/cmake/srv_pkg__rosidl_typesupport_introspection_cExport-noconfig.cmake
[1.456s] -- Up-to-date: /home/shreyas/ros2_projects/ros2_ws/install/srv_pkg/share/srv_pkg/cmake/srv_pkg__rosidl_typesupport_cExport.cmake
[1.456s] -- Up-to-date: /home/shreyas/ros2_projects/ros2_ws/install/srv_pkg/share/srv_pkg/cmake/srv_pkg__rosidl_typesupport_cExport-noconfig.cmake
[1.456s] -- Up-to-date: /home/shreyas/ros2_projects/ros2_ws/install/srv_pkg/share/srv_pkg/cmake/export_srv_pkg__rosidl_generator_cppExport.cmake
[1.456s] -- Up-to-date: /home/shreyas/ros2_projects/ros2_ws/install/srv_pkg/share/srv_pkg/cmake/export_srv_pkg__rosidl_typesupport_fastrtps_cppExport.cmake
[1.456s] -- Up-to-date: /home/shreyas/ros2_projects/ros2_ws/install/srv_pkg/share/srv_pkg/cmake/export_srv_pkg__rosidl_typesupport_fastrtps_cppExport-noconfig.cmake
[1.457s] -- Up-to-date: /home/shreyas/ros2_projects/ros2_ws/install/srv_pkg/share/srv_pkg/cmake/srv_pkg__rosidl_typesupport_introspection_cppExport.cmake
[1.457s] -- Up-to-date: /home/shreyas/ros2_projects/ros2_ws/install/srv_pkg/share/srv_pkg/cmake/srv_pkg__rosidl_typesupport_introspection_cppExport-noconfig.cmake
[1.457s] -- Up-to-date: /home/shreyas/ros2_projects/ros2_ws/install/srv_pkg/share/srv_pkg/cmake/srv_pkg__rosidl_typesupport_cppExport.cmake
[1.457s] -- Up-to-date: /home/shreyas/ros2_projects/ros2_ws/install/srv_pkg/share/srv_pkg/cmake/srv_pkg__rosidl_typesupport_cppExport-noconfig.cmake
[1.457s] -- Up-to-date: /home/shreyas/ros2_projects/ros2_ws/install/srv_pkg/share/srv_pkg/cmake/export_srv_pkg__rosidl_generator_pyExport.cmake
[1.457s] -- Up-to-date: /home/shreyas/ros2_projects/ros2_ws/install/srv_pkg/share/srv_pkg/cmake/export_srv_pkg__rosidl_generator_pyExport-noconfig.cmake
[1.457s] -- Up-to-date: /home/shreyas/ros2_projects/ros2_ws/install/srv_pkg/lib/python3.14/site-packages/srv_pkg-0.0.0-py3.14.egg-info
[1.457s] -- Installing: /home/shreyas/ros2_projects/ros2_ws/install/srv_pkg/lib/python3.14/site-packages/srv_pkg-0.0.0-py3.14.egg-info/dependency_links.txt
[1.458s] -- Installing: /home/shreyas/ros2_projects/ros2_ws/install/srv_pkg/lib/python3.14/site-packages/srv_pkg-0.0.0-py3.14.egg-info/SOURCES.txt
[1.458s] -- Installing: /home/shreyas/ros2_projects/ros2_ws/install/srv_pkg/lib/python3.14/site-packages/srv_pkg-0.0.0-py3.14.egg-info/PKG-INFO
[1.458s] -- Installing: /home/shreyas/ros2_projects/ros2_ws/install/srv_pkg/lib/python3.14/site-packages/srv_pkg-0.0.0-py3.14.egg-info/top_level.txt
[1.458s] -- Up-to-date: /home/shreyas/ros2_projects/ros2_ws/install/srv_pkg/lib/python3.14/site-packages/srv_pkg
[1.458s] -- Up-to-date: /home/shreyas/ros2_projects/ros2_ws/install/srv_pkg/lib/python3.14/site-packages/srv_pkg/_srv_pkg_s.ep.rosidl_typesupport_c.c
[1.458s] -- Up-to-date: /home/shreyas/ros2_projects/ros2_ws/install/srv_pkg/lib/python3.14/site-packages/srv_pkg/srv
[1.458s] -- Up-to-date: /home/shreyas/ros2_projects/ros2_ws/install/srv_pkg/lib/python3.14/site-packages/srv_pkg/srv/_set_robot_speed_s.c
[1.459s] -- Up-to-date: /home/shreyas/ros2_projects/ros2_ws/install/srv_pkg/lib/python3.14/site-packages/srv_pkg/srv/_set_robot_speed.py
[1.459s] -- Up-to-date: /home/shreyas/ros2_projects/ros2_ws/install/srv_pkg/lib/python3.14/site-packages/srv_pkg/srv/__init__.py
[1.459s] -- Up-to-date: /home/shreyas/ros2_projects/ros2_ws/install/srv_pkg/lib/python3.14/site-packages/srv_pkg/_srv_pkg_s.ep.rosidl_typesupport_fastrtps_c.c
[1.459s] -- Up-to-date: /home/shreyas/ros2_projects/ros2_ws/install/srv_pkg/lib/python3.14/site-packages/srv_pkg/_srv_pkg_s.ep.rosidl_typesupport_introspection_c.c
[1.459s] -- Up-to-date: /home/shreyas/ros2_projects/ros2_ws/install/srv_pkg/lib/python3.14/site-packages/srv_pkg/py.typed
[1.459s] -- Up-to-date: /home/shreyas/ros2_projects/ros2_ws/install/srv_pkg/lib/python3.14/site-packages/srv_pkg/srv_pkg_s__rosidl_typesupport_fastrtps_c.so
[1.459s] -- Up-to-date: /home/shreyas/ros2_projects/ros2_ws/install/srv_pkg/lib/python3.14/site-packages/srv_pkg/srv_pkg_s__rosidl_typesupport_introspection_c.so
[1.460s] -- Up-to-date: /home/shreyas/ros2_projects/ros2_ws/install/srv_pkg/lib/python3.14/site-packages/srv_pkg/srv_pkg_s__rosidl_typesupport_c.so
[1.460s] -- Up-to-date: /home/shreyas/ros2_projects/ros2_ws/install/srv_pkg/lib/python3.14/site-packages/srv_pkg/__init__.py
[1.541s] Listing '/home/shreyas/ros2_projects/ros2_ws/install/srv_pkg/lib/python3.14/site-packages/srv_pkg'...
[1.541s] Listing '/home/shreyas/ros2_projects/ros2_ws/install/srv_pkg/lib/python3.14/site-packages/srv_pkg/srv'...
[1.556s] -- Up-to-date: /home/shreyas/ros2_projects/ros2_ws/install/srv_pkg/share/srv_pkg/cmake/rosidl_cmake-extras.cmake
[1.556s] -- Up-to-date: /home/shreyas/ros2_projects/ros2_ws/install/srv_pkg/share/srv_pkg/cmake/ament_cmake_export_dependencies-extras.cmake
[1.557s] -- Up-to-date: /home/shreyas/ros2_projects/ros2_ws/install/srv_pkg/share/srv_pkg/cmake/ament_cmake_export_include_directories-extras.cmake
[1.557s] -- Up-to-date: /home/shreyas/ros2_projects/ros2_ws/install/srv_pkg/share/srv_pkg/cmake/ament_cmake_export_libraries-extras.cmake
[1.557s] -- Up-to-date: /home/shreyas/ros2_projects/ros2_ws/install/srv_pkg/share/srv_pkg/cmake/ament_cmake_export_targets-extras.cmake
[1.558s] -- Up-to-date: /home/shreyas/ros2_projects/ros2_ws/install/srv_pkg/share/srv_pkg/cmake/rosidl_cmake_export_typesupport_targets-extras.cmake
[1.558s] -- Up-to-date: /home/shreyas/ros2_projects/ros2_ws/install/srv_pkg/share/srv_pkg/cmake/rosidl_cmake_export_typesupport_libraries-extras.cmake
[1.558s] -- Up-to-date: /home/shreyas/ros2_projects/ros2_ws/install/srv_pkg/share/srv_pkg/cmake/rosidl_cmake_aggregate_target-extras.cmake
[1.558s] -- Up-to-date: /home/shreyas/ros2_projects/ros2_ws/install/srv_pkg/share/srv_pkg/cmake/srv_pkgConfig.cmake
[1.559s] -- Up-to-date: /home/shreyas/ros2_projects/ros2_ws/install/srv_pkg/share/srv_pkg/cmake/srv_pkgConfig-version.cmake
[1.559s] -- Up-to-date: /home/shreyas/ros2_projects/ros2_ws/install/srv_pkg/share/srv_pkg/package.xml
[1.564s] Invoked command in '/home/shreyas/ros2_projects/ros2_ws/build/srv_pkg' returned '0': CMAKE_PREFIX_PATH=${CMAKE_PREFIX_PATH}:/home/shreyas/ros2_projects/ros2_ws/install/robotic_speed_service:/home/shreyas/ros2_projects/ros2_ws/install/boki_pkg:/opt/ros/lyrical DEBUGINFOD_URLS=https://debuginfod.ubuntu.com /usr/bin/cmake --install /home/shreyas/ros2_projects/ros2_ws/build/srv_pkg
