[-1789469704748982016.000s] DEBUG:colcon:Command line arguments: ['/usr/bin/colcon', 'build']
[-1789469704748982016.000s] DEBUG:colcon:Parsed command line arguments: Namespace(log_base=None, log_level=None, verb_name='build', build_base='build', install_base='install', merge_install=False, symlink_install=False, test_result_base=None, continue_on_error=False, executor='parallel', parallel_workers=8, event_handlers=None, ignore_user_meta=False, metas=['./colcon.meta'], base_paths=['.'], packages_ignore=None, packages_ignore_regex=None, paths=None, packages_up_to=None, packages_up_to_regex=None, packages_above=None, packages_above_and_dependencies=None, packages_above_depth=None, packages_select_by_dep=None, packages_skip_by_dep=None, packages_skip_up_to=None, packages_select_build_failed=False, packages_skip_build_finished=False, packages_select_test_failures=False, packages_skip_test_passed=False, packages_select=None, packages_skip=None, packages_select_regex=None, packages_skip_regex=None, packages_start=None, packages_end=None, allow_overriding=[], cmake_args=None, cmake_target=None, cmake_target_skip_unavailable=False, cmake_clean_cache=False, cmake_clean_first=False, cmake_force_configure=False, ament_cmake_args=None, catkin_cmake_args=None, catkin_skip_building_tests=False, verb_parser=<colcon_defaults.argument_parser.defaults.DefaultArgumentsDecorator object at 0x7cbb5e7a79d0>, verb_extension=<colcon_core.verb.build.BuildVerb object at 0x7cbb5e77f230>, main=<bound method BuildVerb.main of <colcon_core.verb.build.BuildVerb object at 0x7cbb5e77f230>>)
[-1789469704748982016.000s] Level 1:colcon.colcon_core.package_discovery:discover_packages(colcon_meta) check parameters
[-1789469704748982016.000s] Level 1:colcon.colcon_core.package_discovery:discover_packages(recursive) check parameters
[-1789469704748982016.000s] Level 1:colcon.colcon_core.package_discovery:discover_packages(ignore) check parameters
[-1789469704748982016.000s] Level 1:colcon.colcon_core.package_discovery:discover_packages(path) check parameters
[-1789469704748982016.000s] Level 1:colcon.colcon_core.package_discovery:discover_packages(colcon_meta) discover
[-1789469704748982016.000s] Level 1:colcon.colcon_core.package_discovery:discover_packages(recursive) discover
[-1789469704748982016.000s] INFO:colcon.colcon_core.package_discovery:Crawling recursively for packages in '/home/shreyas/ros2_projects/ros2_ws'
[-1789469704748982016.000s] Level 1:colcon.colcon_core.package_identification:_identify(.) by extensions ['ignore', 'ignore_ament_install']
[-1789469704748982016.000s] Level 1:colcon.colcon_core.package_identification:_identify(.) by extension 'ignore'
[-1789469704748982016.000s] Level 1:colcon.colcon_core.package_identification:_identify(.) by extension 'ignore_ament_install'
[-1789469704748982016.000s] Level 1:colcon.colcon_core.package_identification:_identify(.) by extensions ['colcon_pkg']
[-1789469704748982016.000s] Level 1:colcon.colcon_core.package_identification:_identify(.) by extension 'colcon_pkg'
[-1789469704748982016.000s] Level 1:colcon.colcon_core.package_identification:_identify(.) by extensions ['colcon_meta']
[-1789469704748982016.000s] Level 1:colcon.colcon_core.package_identification:_identify(.) by extension 'colcon_meta'
[-1789469704748982016.000s] Level 1:colcon.colcon_core.package_identification:_identify(.) by extensions ['ros']
[-1789469704748982016.000s] Level 1:colcon.colcon_core.package_identification:_identify(.) by extension 'ros'
[-1789469704748982016.000s] Level 1:colcon.colcon_core.package_identification:_identify(.) by extensions ['cmake', 'python']
[-1789469704748982016.000s] Level 1:colcon.colcon_core.package_identification:_identify(.) by extension 'cmake'
[-1789469704748982016.000s] Level 1:colcon.colcon_core.package_identification:_identify(.) by extension 'python'
[-1789469704748982016.000s] Level 1:colcon.colcon_core.package_identification:_identify(.) by extensions ['python_setup_py']
[-1789469704748982016.000s] Level 1:colcon.colcon_core.package_identification:_identify(.) by extension 'python_setup_py'
[-1789469704748982016.000s] Level 1:colcon.colcon_core.package_identification:_identify(build) by extensions ['ignore', 'ignore_ament_install']
[-1789469704748982016.000s] Level 1:colcon.colcon_core.package_identification:_identify(build) by extension 'ignore'
[-1789469704748982016.000s] Level 1:colcon.colcon_core.package_identification:_identify(build) ignored
[-1789469704748982016.000s] Level 1:colcon.colcon_core.package_identification:_identify(install) by extensions ['ignore', 'ignore_ament_install']
[-1789469704748982016.000s] Level 1:colcon.colcon_core.package_identification:_identify(install) by extension 'ignore'
[-1789469704748982016.000s] Level 1:colcon.colcon_core.package_identification:_identify(install) ignored
[-1789469704748982016.000s] Level 1:colcon.colcon_core.package_identification:_identify(log) by extensions ['ignore', 'ignore_ament_install']
[-1789469704748982016.000s] Level 1:colcon.colcon_core.package_identification:_identify(log) by extension 'ignore'
[-1789469704748982016.000s] Level 1:colcon.colcon_core.package_identification:_identify(log) ignored
[-1789469704748982016.000s] Level 1:colcon.colcon_core.package_identification:_identify(src) by extensions ['ignore', 'ignore_ament_install']
[-1789469704748982016.000s] Level 1:colcon.colcon_core.package_identification:_identify(src) by extension 'ignore'
[-1789469704748982016.000s] Level 1:colcon.colcon_core.package_identification:_identify(src) by extension 'ignore_ament_install'
[-1789469704748982016.000s] Level 1:colcon.colcon_core.package_identification:_identify(src) by extensions ['colcon_pkg']
[-1789469704748982016.000s] Level 1:colcon.colcon_core.package_identification:_identify(src) by extension 'colcon_pkg'
[-1789469704748982016.000s] Level 1:colcon.colcon_core.package_identification:_identify(src) by extensions ['colcon_meta']
[-1789469704748982016.000s] Level 1:colcon.colcon_core.package_identification:_identify(src) by extension 'colcon_meta'
[-1789469704748982016.000s] Level 1:colcon.colcon_core.package_identification:_identify(src) by extensions ['ros']
[-1789469704748982016.000s] Level 1:colcon.colcon_core.package_identification:_identify(src) by extension 'ros'
[-1789469704748982016.000s] Level 1:colcon.colcon_core.package_identification:_identify(src) by extensions ['cmake', 'python']
[-1789469704748982016.000s] Level 1:colcon.colcon_core.package_identification:_identify(src) by extension 'cmake'
[-1789469704748982016.000s] Level 1:colcon.colcon_core.package_identification:_identify(src) by extension 'python'
[-1789469704748982016.000s] Level 1:colcon.colcon_core.package_identification:_identify(src) by extensions ['python_setup_py']
[-1789469704748982016.000s] Level 1:colcon.colcon_core.package_identification:_identify(src) by extension 'python_setup_py'
[-1789469704748982016.000s] Level 1:colcon.colcon_core.package_identification:_identify(src/boki_pkg) by extensions ['ignore', 'ignore_ament_install']
[-1789469704748982016.000s] Level 1:colcon.colcon_core.package_identification:_identify(src/boki_pkg) by extension 'ignore'
[-1789469704748982016.000s] Level 1:colcon.colcon_core.package_identification:_identify(src/boki_pkg) by extension 'ignore_ament_install'
[-1789469704748982016.000s] Level 1:colcon.colcon_core.package_identification:_identify(src/boki_pkg) by extensions ['colcon_pkg']
[-1789469704748982016.000s] Level 1:colcon.colcon_core.package_identification:_identify(src/boki_pkg) by extension 'colcon_pkg'
[-1789469704748982016.000s] Level 1:colcon.colcon_core.package_identification:_identify(src/boki_pkg) by extensions ['colcon_meta']
[-1789469704748982016.000s] Level 1:colcon.colcon_core.package_identification:_identify(src/boki_pkg) by extension 'colcon_meta'
[-1789469704748982016.000s] Level 1:colcon.colcon_core.package_identification:_identify(src/boki_pkg) by extensions ['ros']
[-1789469704748982016.000s] Level 1:colcon.colcon_core.package_identification:_identify(src/boki_pkg) by extension 'ros'
[-1789469704748982016.000s] DEBUG:colcon.colcon_core.package_identification:Package 'src/boki_pkg' with type 'ros.ament_python' and name 'boki_pkg'
[-1789469704748982016.000s] Level 1:colcon.colcon_core.package_identification:_identify(src/robotic_speed_service) by extensions ['ignore', 'ignore_ament_install']
[-1789469704748982016.000s] Level 1:colcon.colcon_core.package_identification:_identify(src/robotic_speed_service) by extension 'ignore'
[-1789469704748982016.000s] Level 1:colcon.colcon_core.package_identification:_identify(src/robotic_speed_service) by extension 'ignore_ament_install'
[-1789469704748982016.000s] Level 1:colcon.colcon_core.package_identification:_identify(src/robotic_speed_service) by extensions ['colcon_pkg']
[-1789469704748982016.000s] Level 1:colcon.colcon_core.package_identification:_identify(src/robotic_speed_service) by extension 'colcon_pkg'
[-1789469704748982016.000s] Level 1:colcon.colcon_core.package_identification:_identify(src/robotic_speed_service) by extensions ['colcon_meta']
[-1789469704748982016.000s] Level 1:colcon.colcon_core.package_identification:_identify(src/robotic_speed_service) by extension 'colcon_meta'
[-1789469704748982016.000s] Level 1:colcon.colcon_core.package_identification:_identify(src/robotic_speed_service) by extensions ['ros']
[-1789469704748982016.000s] Level 1:colcon.colcon_core.package_identification:_identify(src/robotic_speed_service) by extension 'ros'
[-1789469704748982016.000s] DEBUG:colcon.colcon_core.package_identification:Package 'src/robotic_speed_service' with type 'ros.ament_python' and name 'robotic_speed_service'
[-1789469704748982016.000s] Level 1:colcon.colcon_core.package_identification:_identify(src/srv_pkg) by extensions ['ignore', 'ignore_ament_install']
[-1789469704748982016.000s] Level 1:colcon.colcon_core.package_identification:_identify(src/srv_pkg) by extension 'ignore'
[-1789469704748982016.000s] Level 1:colcon.colcon_core.package_identification:_identify(src/srv_pkg) by extension 'ignore_ament_install'
[-1789469704748982016.000s] Level 1:colcon.colcon_core.package_identification:_identify(src/srv_pkg) by extensions ['colcon_pkg']
[-1789469704748982016.000s] Level 1:colcon.colcon_core.package_identification:_identify(src/srv_pkg) by extension 'colcon_pkg'
[-1789469704748982016.000s] Level 1:colcon.colcon_core.package_identification:_identify(src/srv_pkg) by extensions ['colcon_meta']
[-1789469704748982016.000s] Level 1:colcon.colcon_core.package_identification:_identify(src/srv_pkg) by extension 'colcon_meta'
[-1789469704748982016.000s] Level 1:colcon.colcon_core.package_identification:_identify(src/srv_pkg) by extensions ['ros']
[-1789469704748982016.000s] Level 1:colcon.colcon_core.package_identification:_identify(src/srv_pkg) by extension 'ros'
[-1789469704748982016.000s] DEBUG:colcon.colcon_core.package_identification:Package 'src/srv_pkg' with type 'ros.ament_cmake' and name 'srv_pkg'
[-1789469704748982016.000s] Level 1:colcon.colcon_core.package_discovery:discover_packages(recursive) using defaults
[-1789469704748982016.000s] Level 1:colcon.colcon_core.package_discovery:discover_packages(ignore) discover
[-1789469704748982016.000s] Level 1:colcon.colcon_core.package_discovery:discover_packages(ignore) using defaults
[-1789469704748982016.000s] Level 1:colcon.colcon_core.package_discovery:discover_packages(path) discover
[-1789469704748982016.000s] Level 1:colcon.colcon_core.package_discovery:discover_packages(path) using defaults
[-1789469704748982016.000s] Level 1:colcon.colcon_core.package_discovery:discover_packages(prefix_path) check parameters
[-1789469704748982016.000s] Level 1:colcon.colcon_core.package_discovery:discover_packages(prefix_path) discover
[-1789469704748982016.000s] DEBUG:colcon.colcon_installed_package_information.package_discovery:Found 3 installed packages in /home/shreyas/ros2_projects/ros2_ws/install
[-1789469704748982016.000s] DEBUG:colcon.colcon_installed_package_information.package_discovery:Found 320 installed packages in /opt/ros/lyrical
[-1789469704748982016.000s] Level 1:colcon.colcon_core.package_discovery:discover_packages(prefix_path) using defaults
[-1789469704748982016.000s] Level 5:colcon.colcon_core.verb:set package 'boki_pkg' build argument 'cmake_args' from command line to 'None'
[-1789469704748982016.000s] Level 5:colcon.colcon_core.verb:set package 'boki_pkg' build argument 'cmake_target' from command line to 'None'
[-1789469704748982016.000s] Level 5:colcon.colcon_core.verb:set package 'boki_pkg' build argument 'cmake_target_skip_unavailable' from command line to 'False'
[-1789469704748982016.000s] Level 5:colcon.colcon_core.verb:set package 'boki_pkg' build argument 'cmake_clean_cache' from command line to 'False'
[-1789469704748982016.000s] Level 5:colcon.colcon_core.verb:set package 'boki_pkg' build argument 'cmake_clean_first' from command line to 'False'
[-1789469704748982016.000s] Level 5:colcon.colcon_core.verb:set package 'boki_pkg' build argument 'cmake_force_configure' from command line to 'False'
[-1789469704748982016.000s] Level 5:colcon.colcon_core.verb:set package 'boki_pkg' build argument 'ament_cmake_args' from command line to 'None'
[-1789469704748982016.000s] Level 5:colcon.colcon_core.verb:set package 'boki_pkg' build argument 'catkin_cmake_args' from command line to 'None'
[-1789469704748982016.000s] Level 5:colcon.colcon_core.verb:set package 'boki_pkg' build argument 'catkin_skip_building_tests' from command line to 'False'
[-1789469704748982016.000s] DEBUG:colcon.colcon_core.verb:Building package 'boki_pkg' with the following arguments: {'ament_cmake_args': None, 'build_base': '/home/shreyas/ros2_projects/ros2_ws/build/boki_pkg', 'catkin_cmake_args': None, 'catkin_skip_building_tests': False, 'cmake_args': None, 'cmake_clean_cache': False, 'cmake_clean_first': False, 'cmake_force_configure': False, 'cmake_target': None, 'cmake_target_skip_unavailable': False, 'install_base': '/home/shreyas/ros2_projects/ros2_ws/install/boki_pkg', 'merge_install': False, 'path': '/home/shreyas/ros2_projects/ros2_ws/src/boki_pkg', 'symlink_install': False, 'test_result_base': None}
[-1789469704748982016.000s] Level 5:colcon.colcon_core.verb:set package 'srv_pkg' build argument 'cmake_args' from command line to 'None'
[-1789469704748982016.000s] Level 5:colcon.colcon_core.verb:set package 'srv_pkg' build argument 'cmake_target' from command line to 'None'
[-1789469704748982016.000s] Level 5:colcon.colcon_core.verb:set package 'srv_pkg' build argument 'cmake_target_skip_unavailable' from command line to 'False'
[-1789469704748982016.000s] Level 5:colcon.colcon_core.verb:set package 'srv_pkg' build argument 'cmake_clean_cache' from command line to 'False'
[-1789469704748982016.000s] Level 5:colcon.colcon_core.verb:set package 'srv_pkg' build argument 'cmake_clean_first' from command line to 'False'
[-1789469704748982016.000s] Level 5:colcon.colcon_core.verb:set package 'srv_pkg' build argument 'cmake_force_configure' from command line to 'False'
[-1789469704748982016.000s] Level 5:colcon.colcon_core.verb:set package 'srv_pkg' build argument 'ament_cmake_args' from command line to 'None'
[-1789469704748982016.000s] Level 5:colcon.colcon_core.verb:set package 'srv_pkg' build argument 'catkin_cmake_args' from command line to 'None'
[-1789469704748982016.000s] Level 5:colcon.colcon_core.verb:set package 'srv_pkg' build argument 'catkin_skip_building_tests' from command line to 'False'
[-1789469704748982016.000s] DEBUG:colcon.colcon_core.verb:Building package 'srv_pkg' with the following arguments: {'ament_cmake_args': None, 'build_base': '/home/shreyas/ros2_projects/ros2_ws/build/srv_pkg', 'catkin_cmake_args': None, 'catkin_skip_building_tests': False, 'cmake_args': None, 'cmake_clean_cache': False, 'cmake_clean_first': False, 'cmake_force_configure': False, 'cmake_target': None, 'cmake_target_skip_unavailable': False, 'install_base': '/home/shreyas/ros2_projects/ros2_ws/install/srv_pkg', 'merge_install': False, 'path': '/home/shreyas/ros2_projects/ros2_ws/src/srv_pkg', 'symlink_install': False, 'test_result_base': None}
[-1789469704748982016.000s] Level 5:colcon.colcon_core.verb:set package 'robotic_speed_service' build argument 'cmake_args' from command line to 'None'
[-1789469704748982016.000s] Level 5:colcon.colcon_core.verb:set package 'robotic_speed_service' build argument 'cmake_target' from command line to 'None'
[-1789469704748982016.000s] Level 5:colcon.colcon_core.verb:set package 'robotic_speed_service' build argument 'cmake_target_skip_unavailable' from command line to 'False'
[-1789469704748982016.000s] Level 5:colcon.colcon_core.verb:set package 'robotic_speed_service' build argument 'cmake_clean_cache' from command line to 'False'
[-1789469704748982016.000s] Level 5:colcon.colcon_core.verb:set package 'robotic_speed_service' build argument 'cmake_clean_first' from command line to 'False'
[-1789469704748982016.000s] Level 5:colcon.colcon_core.verb:set package 'robotic_speed_service' build argument 'cmake_force_configure' from command line to 'False'
[-1789469704748982016.000s] Level 5:colcon.colcon_core.verb:set package 'robotic_speed_service' build argument 'ament_cmake_args' from command line to 'None'
[-1789469704748982016.000s] Level 5:colcon.colcon_core.verb:set package 'robotic_speed_service' build argument 'catkin_cmake_args' from command line to 'None'
[-1789469704748982016.000s] Level 5:colcon.colcon_core.verb:set package 'robotic_speed_service' build argument 'catkin_skip_building_tests' from command line to 'False'
[-1789469704748982016.000s] DEBUG:colcon.colcon_core.verb:Building package 'robotic_speed_service' with the following arguments: {'ament_cmake_args': None, 'build_base': '/home/shreyas/ros2_projects/ros2_ws/build/robotic_speed_service', 'catkin_cmake_args': None, 'catkin_skip_building_tests': False, 'cmake_args': None, 'cmake_clean_cache': False, 'cmake_clean_first': False, 'cmake_force_configure': False, 'cmake_target': None, 'cmake_target_skip_unavailable': False, 'install_base': '/home/shreyas/ros2_projects/ros2_ws/install/robotic_speed_service', 'merge_install': False, 'path': '/home/shreyas/ros2_projects/ros2_ws/src/robotic_speed_service', 'symlink_install': False, 'test_result_base': None}
[-1789469704748982016.000s] INFO:colcon.colcon_core.executor:Executing jobs using 'parallel' executor
[-1789469704748982016.000s] DEBUG:colcon.colcon_parallel_executor.executor.parallel:run_until_complete
[-1789469704748982016.000s] INFO:colcon.colcon_ros.task.ament_cmake.build:Building ROS package in '/home/shreyas/ros2_projects/ros2_ws/src/srv_pkg' with build type 'ament_cmake'
[-1789469704748982016.000s] INFO:colcon.colcon_cmake.task.cmake.build:Building CMake package in '/home/shreyas/ros2_projects/ros2_ws/src/srv_pkg'
[-1789469704748982016.000s] INFO:colcon.colcon_core.plugin_system:Skipping extension 'colcon_core.shell.bat': Not used on non-Windows systems
[-1789469704748982016.000s] INFO:colcon.colcon_core.shell:Skip shell extension 'powershell' for command environment: Not usable outside of PowerShell
[-1789469704748982016.000s] DEBUG:colcon.colcon_core.shell:Skip shell extension 'dsv' for command environment
[-1789469704748982016.000s] INFO:colcon.colcon_ros.task.ament_python.build:Building ROS package in '/home/shreyas/ros2_projects/ros2_ws/src/boki_pkg' with build type 'ament_python'
[-1789469704748982016.000s] Level 1:colcon.colcon_core.shell:create_environment_hook('boki_pkg', 'ament_prefix_path')
[-1789469704748982016.000s] INFO:colcon.colcon_core.shell:Creating environment hook '/home/shreyas/ros2_projects/ros2_ws/install/boki_pkg/share/boki_pkg/hook/ament_prefix_path.ps1'
[-1789469704748982016.000s] INFO:colcon.colcon_core.shell:Creating environment descriptor '/home/shreyas/ros2_projects/ros2_ws/install/boki_pkg/share/boki_pkg/hook/ament_prefix_path.dsv'
[-1789469704748982016.000s] INFO:colcon.colcon_core.shell:Creating environment hook '/home/shreyas/ros2_projects/ros2_ws/install/boki_pkg/share/boki_pkg/hook/ament_prefix_path.sh'
[-1789469704748982016.000s] INFO:colcon.colcon_core.shell:Skip shell extension 'powershell' for command environment: Not usable outside of PowerShell
[-1789469704748982016.000s] DEBUG:colcon.colcon_core.shell:Skip shell extension 'dsv' for command environment
[-1789469704748982016.000s] DEBUG:colcon.colcon_core.event_handler.log_command:Invoking command in '/home/shreyas/ros2_projects/ros2_ws/build/srv_pkg': CMAKE_PREFIX_PATH=${CMAKE_PREFIX_PATH}:/home/shreyas/ros2_projects/ros2_ws/install/robotic_speed_service:/home/shreyas/ros2_projects/ros2_ws/install/boki_pkg:/opt/ros/lyrical DEBUGINFOD_URLS=https://debuginfod.ubuntu.com /usr/bin/cmake --build /home/shreyas/ros2_projects/ros2_ws/build/srv_pkg -- -j8 -l8
[-1789469704748982016.000s] INFO:colcon.colcon_core.task.python.build:Building Python package in '/home/shreyas/ros2_projects/ros2_ws/src/boki_pkg'
[-1789469704748982016.000s] INFO:colcon.colcon_core.shell:Skip shell extension 'powershell' for command environment: Not usable outside of PowerShell
[-1789469704748982016.000s] DEBUG:colcon.colcon_core.shell:Skip shell extension 'dsv' for command environment
[-1789469704748982016.000s] DEBUG:colcon.colcon_core.event_handler.log_command:Invoked command in '/home/shreyas/ros2_projects/ros2_ws/build/srv_pkg' returned '0': CMAKE_PREFIX_PATH=${CMAKE_PREFIX_PATH}:/home/shreyas/ros2_projects/ros2_ws/install/robotic_speed_service:/home/shreyas/ros2_projects/ros2_ws/install/boki_pkg:/opt/ros/lyrical DEBUGINFOD_URLS=https://debuginfod.ubuntu.com /usr/bin/cmake --build /home/shreyas/ros2_projects/ros2_ws/build/srv_pkg -- -j8 -l8
[-1789469704748982016.000s] DEBUG:colcon.colcon_core.event_handler.log_command:Invoking command in '/home/shreyas/ros2_projects/ros2_ws/build/srv_pkg': CMAKE_PREFIX_PATH=${CMAKE_PREFIX_PATH}:/home/shreyas/ros2_projects/ros2_ws/install/robotic_speed_service:/home/shreyas/ros2_projects/ros2_ws/install/boki_pkg:/opt/ros/lyrical DEBUGINFOD_URLS=https://debuginfod.ubuntu.com /usr/bin/cmake --install /home/shreyas/ros2_projects/ros2_ws/build/srv_pkg
[-1789469704748982016.000s] Level 1:colcon.colcon_core.environment:create_environment_scripts_only(srv_pkg)
[-1789469704748982016.000s] DEBUG:colcon.colcon_core.event_handler.log_command:Invoked command in '/home/shreyas/ros2_projects/ros2_ws/build/srv_pkg' returned '0': CMAKE_PREFIX_PATH=${CMAKE_PREFIX_PATH}:/home/shreyas/ros2_projects/ros2_ws/install/robotic_speed_service:/home/shreyas/ros2_projects/ros2_ws/install/boki_pkg:/opt/ros/lyrical DEBUGINFOD_URLS=https://debuginfod.ubuntu.com /usr/bin/cmake --install /home/shreyas/ros2_projects/ros2_ws/build/srv_pkg
[-1789469704748982016.000s] Level 1:colcon.colcon_core.environment:checking '/home/shreyas/ros2_projects/ros2_ws/install/srv_pkg' for CMake module files
[-1789469704748982016.000s] Level 1:colcon.colcon_core.environment:checking '/home/shreyas/ros2_projects/ros2_ws/install/srv_pkg' for CMake config files
[-1789469704748982016.000s] Level 1:colcon.colcon_core.shell:create_environment_hook('srv_pkg', 'cmake_prefix_path')
[-1789469704748982016.000s] INFO:colcon.colcon_core.shell:Creating environment hook '/home/shreyas/ros2_projects/ros2_ws/install/srv_pkg/share/srv_pkg/hook/cmake_prefix_path.ps1'
[-1789469704748982016.000s] INFO:colcon.colcon_core.shell:Creating environment descriptor '/home/shreyas/ros2_projects/ros2_ws/install/srv_pkg/share/srv_pkg/hook/cmake_prefix_path.dsv'
[-1789469704748982016.000s] INFO:colcon.colcon_core.shell:Creating environment hook '/home/shreyas/ros2_projects/ros2_ws/install/srv_pkg/share/srv_pkg/hook/cmake_prefix_path.sh'
[-1789469704748982016.000s] Level 1:colcon.colcon_core.environment:checking '/home/shreyas/ros2_projects/ros2_ws/install/srv_pkg/lib'
[-1789469704748982016.000s] Level 1:colcon.colcon_core.shell:create_environment_hook('srv_pkg', 'ld_library_path_lib')
[-1789469704748982016.000s] INFO:colcon.colcon_core.shell:Creating environment hook '/home/shreyas/ros2_projects/ros2_ws/install/srv_pkg/share/srv_pkg/hook/ld_library_path_lib.ps1'
[-1789469704748982016.000s] INFO:colcon.colcon_core.shell:Creating environment descriptor '/home/shreyas/ros2_projects/ros2_ws/install/srv_pkg/share/srv_pkg/hook/ld_library_path_lib.dsv'
[-1789469704748982016.000s] INFO:colcon.colcon_core.shell:Creating environment hook '/home/shreyas/ros2_projects/ros2_ws/install/srv_pkg/share/srv_pkg/hook/ld_library_path_lib.sh'
[-1789469704748982016.000s] Level 1:colcon.colcon_core.environment:checking '/home/shreyas/ros2_projects/ros2_ws/install/srv_pkg/bin'
[-1789469704748982016.000s] Level 1:colcon.colcon_core.environment:checking '/home/shreyas/ros2_projects/ros2_ws/install/srv_pkg/lib/pkgconfig/srv_pkg.pc'
[-1789469704748982016.000s] Level 1:colcon.colcon_core.environment:checking '/home/shreyas/ros2_projects/ros2_ws/install/srv_pkg/lib/python3.14/site-packages'
[-1789469704748982016.000s] Level 1:colcon.colcon_core.shell:create_environment_hook('srv_pkg', 'pythonpath')
[-1789469704748982016.000s] INFO:colcon.colcon_core.shell:Creating environment hook '/home/shreyas/ros2_projects/ros2_ws/install/srv_pkg/share/srv_pkg/hook/pythonpath.ps1'
[-1789469704748982016.000s] INFO:colcon.colcon_core.shell:Creating environment descriptor '/home/shreyas/ros2_projects/ros2_ws/install/srv_pkg/share/srv_pkg/hook/pythonpath.dsv'
[-1789469704748982016.000s] INFO:colcon.colcon_core.shell:Creating environment hook '/home/shreyas/ros2_projects/ros2_ws/install/srv_pkg/share/srv_pkg/hook/pythonpath.sh'
[-1789469704748982016.000s] Level 1:colcon.colcon_core.environment:checking '/home/shreyas/ros2_projects/ros2_ws/install/srv_pkg/bin'
[-1789469704748982016.000s] INFO:colcon.colcon_core.shell:Creating package script '/home/shreyas/ros2_projects/ros2_ws/install/srv_pkg/share/srv_pkg/package.ps1'
[-1789469704748982016.000s] INFO:colcon.colcon_core.shell:Creating package descriptor '/home/shreyas/ros2_projects/ros2_ws/install/srv_pkg/share/srv_pkg/package.dsv'
[-1789469704748982016.000s] INFO:colcon.colcon_core.shell:Creating package script '/home/shreyas/ros2_projects/ros2_ws/install/srv_pkg/share/srv_pkg/package.sh'
[-1789469704748982016.000s] INFO:colcon.colcon_core.shell:Creating package script '/home/shreyas/ros2_projects/ros2_ws/install/srv_pkg/share/srv_pkg/package.bash'
[-1789469704748982016.000s] INFO:colcon.colcon_core.shell:Creating package script '/home/shreyas/ros2_projects/ros2_ws/install/srv_pkg/share/srv_pkg/package.zsh'
[-1789469704748982016.000s] Level 1:colcon.colcon_core.environment:create_file_with_runtime_dependencies(/home/shreyas/ros2_projects/ros2_ws/install/srv_pkg/share/colcon-core/packages/srv_pkg)
[-1789469704748982016.000s] Level 1:colcon.colcon_core.environment:create_environment_scripts_only(srv_pkg)
[-1789469704748982016.000s] Level 1:colcon.colcon_core.environment:checking '/home/shreyas/ros2_projects/ros2_ws/install/srv_pkg' for CMake module files
[-1789469704748982016.000s] Level 1:colcon.colcon_core.environment:checking '/home/shreyas/ros2_projects/ros2_ws/install/srv_pkg' for CMake config files
[-1789469704748982016.000s] Level 1:colcon.colcon_core.shell:create_environment_hook('srv_pkg', 'cmake_prefix_path')
[-1789469704748982016.000s] INFO:colcon.colcon_core.shell:Creating environment hook '/home/shreyas/ros2_projects/ros2_ws/install/srv_pkg/share/srv_pkg/hook/cmake_prefix_path.ps1'
[-1789469704748982016.000s] INFO:colcon.colcon_core.shell:Creating environment descriptor '/home/shreyas/ros2_projects/ros2_ws/install/srv_pkg/share/srv_pkg/hook/cmake_prefix_path.dsv'
[-1789469704748982016.000s] INFO:colcon.colcon_core.shell:Creating environment hook '/home/shreyas/ros2_projects/ros2_ws/install/srv_pkg/share/srv_pkg/hook/cmake_prefix_path.sh'
[-1789469704748982016.000s] Level 1:colcon.colcon_core.environment:checking '/home/shreyas/ros2_projects/ros2_ws/install/srv_pkg/lib'
[-1789469704748982016.000s] Level 1:colcon.colcon_core.shell:create_environment_hook('srv_pkg', 'ld_library_path_lib')
[-1789469704748982016.000s] INFO:colcon.colcon_core.shell:Creating environment hook '/home/shreyas/ros2_projects/ros2_ws/install/srv_pkg/share/srv_pkg/hook/ld_library_path_lib.ps1'
[-1789469704748982016.000s] INFO:colcon.colcon_core.shell:Creating environment descriptor '/home/shreyas/ros2_projects/ros2_ws/install/srv_pkg/share/srv_pkg/hook/ld_library_path_lib.dsv'
[-1789469704748982016.000s] INFO:colcon.colcon_core.shell:Creating environment hook '/home/shreyas/ros2_projects/ros2_ws/install/srv_pkg/share/srv_pkg/hook/ld_library_path_lib.sh'
[-1789469704748982016.000s] Level 1:colcon.colcon_core.environment:checking '/home/shreyas/ros2_projects/ros2_ws/install/srv_pkg/bin'
[-1789469704748982016.000s] Level 1:colcon.colcon_core.environment:checking '/home/shreyas/ros2_projects/ros2_ws/install/srv_pkg/lib/pkgconfig/srv_pkg.pc'
[-1789469704748982016.000s] Level 1:colcon.colcon_core.environment:checking '/home/shreyas/ros2_projects/ros2_ws/install/srv_pkg/lib/python3.14/site-packages'
[-1789469704748982016.000s] Level 1:colcon.colcon_core.shell:create_environment_hook('srv_pkg', 'pythonpath')
[-1789469704748982016.000s] INFO:colcon.colcon_core.shell:Creating environment hook '/home/shreyas/ros2_projects/ros2_ws/install/srv_pkg/share/srv_pkg/hook/pythonpath.ps1'
[-1789469704748982016.000s] INFO:colcon.colcon_core.shell:Creating environment descriptor '/home/shreyas/ros2_projects/ros2_ws/install/srv_pkg/share/srv_pkg/hook/pythonpath.dsv'
[-1789469704748982016.000s] INFO:colcon.colcon_core.shell:Creating environment hook '/home/shreyas/ros2_projects/ros2_ws/install/srv_pkg/share/srv_pkg/hook/pythonpath.sh'
[-1789469704748982016.000s] Level 1:colcon.colcon_core.environment:checking '/home/shreyas/ros2_projects/ros2_ws/install/srv_pkg/bin'
[-1789469704748982016.000s] INFO:colcon.colcon_core.shell:Creating package script '/home/shreyas/ros2_projects/ros2_ws/install/srv_pkg/share/srv_pkg/package.ps1'
[-1789469704748982016.000s] INFO:colcon.colcon_core.shell:Creating package descriptor '/home/shreyas/ros2_projects/ros2_ws/install/srv_pkg/share/srv_pkg/package.dsv'
[-1789469704748982016.000s] INFO:colcon.colcon_core.shell:Creating package script '/home/shreyas/ros2_projects/ros2_ws/install/srv_pkg/share/srv_pkg/package.sh'
[-1789469704748982016.000s] INFO:colcon.colcon_core.shell:Creating package script '/home/shreyas/ros2_projects/ros2_ws/install/srv_pkg/share/srv_pkg/package.bash'
[-1789469704748982016.000s] INFO:colcon.colcon_core.shell:Creating package script '/home/shreyas/ros2_projects/ros2_ws/install/srv_pkg/share/srv_pkg/package.zsh'
[-1789469704748982016.000s] Level 1:colcon.colcon_core.environment:create_file_with_runtime_dependencies(/home/shreyas/ros2_projects/ros2_ws/install/srv_pkg/share/colcon-core/packages/srv_pkg)
[-1789469704748982016.000s] INFO:colcon.colcon_ros.task.ament_python.build:Building ROS package in '/home/shreyas/ros2_projects/ros2_ws/src/robotic_speed_service' with build type 'ament_python'
[-1789469704748982016.000s] Level 1:colcon.colcon_core.shell:create_environment_hook('robotic_speed_service', 'ament_prefix_path')
[-1789469704748982016.000s] INFO:colcon.colcon_core.shell:Creating environment hook '/home/shreyas/ros2_projects/ros2_ws/install/robotic_speed_service/share/robotic_speed_service/hook/ament_prefix_path.ps1'
[-1789469704748982016.000s] INFO:colcon.colcon_core.shell:Creating environment descriptor '/home/shreyas/ros2_projects/ros2_ws/install/robotic_speed_service/share/robotic_speed_service/hook/ament_prefix_path.dsv'
[-1789469704748982016.000s] INFO:colcon.colcon_core.shell:Creating environment hook '/home/shreyas/ros2_projects/ros2_ws/install/robotic_speed_service/share/robotic_speed_service/hook/ament_prefix_path.sh'
[-1789469704748982016.000s] INFO:colcon.colcon_core.shell:Skip shell extension 'powershell' for command environment: Not usable outside of PowerShell
[-1789469704748982016.000s] DEBUG:colcon.colcon_core.shell:Skip shell extension 'dsv' for command environment
[-1789469704748982016.000s] INFO:colcon.colcon_core.task.python.build:Building Python package in '/home/shreyas/ros2_projects/ros2_ws/src/robotic_speed_service'
[-1789469704748982016.000s] INFO:colcon.colcon_core.shell:Skip shell extension 'powershell' for command environment: Not usable outside of PowerShell
[-1789469704748982016.000s] DEBUG:colcon.colcon_core.shell:Skip shell extension 'dsv' for command environment
[-1789469704748982016.000s] DEBUG:colcon.colcon_core.task.python.build:Available setuptools commands: pytest, develop, compile_catalog, install_data, build_py, bdist_dumb, install_headers, saveopts, install_lib, bdist_egg, egg_info, editable_wheel, install, install_egg_info, build, dist_info, build_ext, easy_install, setopt, rotate, extract_messages, symlink_data, init_catalog, build_clib, check, update_catalog, install_scripts, bdist_wheel, ptr, clean, sdist, bdist, bdist_rpm, build_scripts, alias
[-1789469704748982016.000s] DEBUG:colcon.colcon_core.event_handler.log_command:Invoking command in '/home/shreyas/ros2_projects/ros2_ws/src/boki_pkg': DEBUGINFOD_URLS=https://debuginfod.ubuntu.com PYTHONPATH=/home/shreyas/ros2_projects/ros2_ws/build/boki_pkg/prefix_override:/usr/lib/python3/dist-packages/colcon_core/task/python/colcon_distutils_commands:/home/shreyas/ros2_projects/ros2_ws/install/boki_pkg/lib/python3.14/site-packages:${PYTHONPATH} /usr/bin/python3 -W ignore:setup.py install is deprecated -W ignore:easy_install command is deprecated setup.py egg_info --egg-base ../../build/boki_pkg build --build-base /home/shreyas/ros2_projects/ros2_ws/build/boki_pkg/build install --record /home/shreyas/ros2_projects/ros2_ws/build/boki_pkg/install.log --install-scripts $base/lib/boki_pkg --single-version-externally-managed install_data
[-1789469704748982016.000s] DEBUG:colcon.colcon_core.task.python.build:Available setuptools commands: pytest, develop, compile_catalog, install_data, build_py, bdist_dumb, install_headers, saveopts, install_lib, bdist_egg, egg_info, editable_wheel, install, install_egg_info, build, dist_info, build_ext, easy_install, setopt, rotate, extract_messages, symlink_data, init_catalog, build_clib, check, update_catalog, install_scripts, bdist_wheel, ptr, clean, sdist, bdist, bdist_rpm, build_scripts, alias
[-1789469704748982016.000s] DEBUG:colcon.colcon_core.event_handler.log_command:Invoking command in '/home/shreyas/ros2_projects/ros2_ws/src/robotic_speed_service': DEBUGINFOD_URLS=https://debuginfod.ubuntu.com PYTHONPATH=/home/shreyas/ros2_projects/ros2_ws/build/robotic_speed_service/prefix_override:/usr/lib/python3/dist-packages/colcon_core/task/python/colcon_distutils_commands:/home/shreyas/ros2_projects/ros2_ws/install/robotic_speed_service/lib/python3.14/site-packages:/home/shreyas/ros2_projects/ros2_ws/install/srv_pkg/lib/python3.14/site-packages:/home/shreyas/ros2_projects/ros2_ws/install/robotic_speed_service/lib/python3.14/site-packages:/home/shreyas/ros2_projects/ros2_ws/install/boki_pkg/lib/python3.14/site-packages:/opt/ros/lyrical/opt/gz_sim_vendor/lib/python:/opt/ros/lyrical/opt/gz_transport_vendor/lib/python:/opt/ros/lyrical/opt/sdformat_vendor/lib/python:/opt/ros/lyrical/opt/gz_msgs_vendor/lib/python:/opt/ros/lyrical/opt/gz_math_vendor/lib/python:/opt/ros/lyrical/lib/python3.14/site-packages /usr/bin/python3 -W ignore:setup.py install is deprecated -W ignore:easy_install command is deprecated setup.py egg_info --egg-base ../../build/robotic_speed_service build --build-base /home/shreyas/ros2_projects/ros2_ws/build/robotic_speed_service/build install --record /home/shreyas/ros2_projects/ros2_ws/build/robotic_speed_service/install.log --install-scripts $base/lib/robotic_speed_service --single-version-externally-managed install_data
[-1789469704748982016.000s] Level 1:colcon.colcon_core.environment:checking '/home/shreyas/ros2_projects/ros2_ws/install/boki_pkg' for CMake module files
[-1789469704748982016.000s] DEBUG:colcon.colcon_core.event_handler.log_command:Invoked command in '/home/shreyas/ros2_projects/ros2_ws/src/boki_pkg' returned '0': DEBUGINFOD_URLS=https://debuginfod.ubuntu.com PYTHONPATH=/home/shreyas/ros2_projects/ros2_ws/build/boki_pkg/prefix_override:/usr/lib/python3/dist-packages/colcon_core/task/python/colcon_distutils_commands:/home/shreyas/ros2_projects/ros2_ws/install/boki_pkg/lib/python3.14/site-packages:${PYTHONPATH} /usr/bin/python3 -W ignore:setup.py install is deprecated -W ignore:easy_install command is deprecated setup.py egg_info --egg-base ../../build/boki_pkg build --build-base /home/shreyas/ros2_projects/ros2_ws/build/boki_pkg/build install --record /home/shreyas/ros2_projects/ros2_ws/build/boki_pkg/install.log --install-scripts $base/lib/boki_pkg --single-version-externally-managed install_data
[-1789469704748982016.000s] Level 1:colcon.colcon_core.environment:checking '/home/shreyas/ros2_projects/ros2_ws/install/boki_pkg' for CMake config files
[-1789469704748982016.000s] Level 1:colcon.colcon_core.environment:checking '/home/shreyas/ros2_projects/ros2_ws/install/boki_pkg/lib'
[-1789469704748982016.000s] Level 1:colcon.colcon_core.environment:checking '/home/shreyas/ros2_projects/ros2_ws/install/boki_pkg/bin'
[-1789469704748982016.000s] Level 1:colcon.colcon_core.environment:checking '/home/shreyas/ros2_projects/ros2_ws/install/boki_pkg/lib/pkgconfig/boki_pkg.pc'
[-1789469704748982016.000s] Level 1:colcon.colcon_core.environment:checking '/home/shreyas/ros2_projects/ros2_ws/install/boki_pkg/lib/python3.14/site-packages'
[-1789469704748982016.000s] Level 1:colcon.colcon_core.shell:create_environment_hook('boki_pkg', 'pythonpath')
[-1789469704748982016.000s] INFO:colcon.colcon_core.shell:Creating environment hook '/home/shreyas/ros2_projects/ros2_ws/install/boki_pkg/share/boki_pkg/hook/pythonpath.ps1'
[-1789469704748982016.000s] INFO:colcon.colcon_core.shell:Creating environment descriptor '/home/shreyas/ros2_projects/ros2_ws/install/boki_pkg/share/boki_pkg/hook/pythonpath.dsv'
[-1789469704748982016.000s] INFO:colcon.colcon_core.shell:Creating environment hook '/home/shreyas/ros2_projects/ros2_ws/install/boki_pkg/share/boki_pkg/hook/pythonpath.sh'
[-1789469704748982016.000s] Level 1:colcon.colcon_core.environment:checking '/home/shreyas/ros2_projects/ros2_ws/install/boki_pkg/bin'
[-1789469704748982016.000s] Level 1:colcon.colcon_core.environment:create_environment_scripts_only(boki_pkg)
[-1789469704748982016.000s] INFO:colcon.colcon_core.shell:Creating package script '/home/shreyas/ros2_projects/ros2_ws/install/boki_pkg/share/boki_pkg/package.ps1'
[-1789469704748982016.000s] INFO:colcon.colcon_core.shell:Creating package descriptor '/home/shreyas/ros2_projects/ros2_ws/install/boki_pkg/share/boki_pkg/package.dsv'
[-1789469704748982016.000s] INFO:colcon.colcon_core.shell:Creating package script '/home/shreyas/ros2_projects/ros2_ws/install/boki_pkg/share/boki_pkg/package.sh'
[-1789469704748982016.000s] INFO:colcon.colcon_core.shell:Creating package script '/home/shreyas/ros2_projects/ros2_ws/install/boki_pkg/share/boki_pkg/package.bash'
[-1789469704748982016.000s] INFO:colcon.colcon_core.shell:Creating package script '/home/shreyas/ros2_projects/ros2_ws/install/boki_pkg/share/boki_pkg/package.zsh'
[-1789469704748982016.000s] Level 1:colcon.colcon_core.environment:create_file_with_runtime_dependencies(/home/shreyas/ros2_projects/ros2_ws/install/boki_pkg/share/colcon-core/packages/boki_pkg)
[-1789469704748982016.000s] Level 1:colcon.colcon_core.environment:checking '/home/shreyas/ros2_projects/ros2_ws/install/robotic_speed_service' for CMake module files
[-1789469704748982016.000s] DEBUG:colcon.colcon_core.event_handler.log_command:Invoked command in '/home/shreyas/ros2_projects/ros2_ws/src/robotic_speed_service' returned '0': DEBUGINFOD_URLS=https://debuginfod.ubuntu.com PYTHONPATH=/home/shreyas/ros2_projects/ros2_ws/build/robotic_speed_service/prefix_override:/usr/lib/python3/dist-packages/colcon_core/task/python/colcon_distutils_commands:/home/shreyas/ros2_projects/ros2_ws/install/robotic_speed_service/lib/python3.14/site-packages:/home/shreyas/ros2_projects/ros2_ws/install/srv_pkg/lib/python3.14/site-packages:/home/shreyas/ros2_projects/ros2_ws/install/robotic_speed_service/lib/python3.14/site-packages:/home/shreyas/ros2_projects/ros2_ws/install/boki_pkg/lib/python3.14/site-packages:/opt/ros/lyrical/opt/gz_sim_vendor/lib/python:/opt/ros/lyrical/opt/gz_transport_vendor/lib/python:/opt/ros/lyrical/opt/sdformat_vendor/lib/python:/opt/ros/lyrical/opt/gz_msgs_vendor/lib/python:/opt/ros/lyrical/opt/gz_math_vendor/lib/python:/opt/ros/lyrical/lib/python3.14/site-packages /usr/bin/python3 -W ignore:setup.py install is deprecated -W ignore:easy_install command is deprecated setup.py egg_info --egg-base ../../build/robotic_speed_service build --build-base /home/shreyas/ros2_projects/ros2_ws/build/robotic_speed_service/build install --record /home/shreyas/ros2_projects/ros2_ws/build/robotic_speed_service/install.log --install-scripts $base/lib/robotic_speed_service --single-version-externally-managed install_data
[-1789469704748982016.000s] Level 1:colcon.colcon_core.environment:checking '/home/shreyas/ros2_projects/ros2_ws/install/robotic_speed_service' for CMake config files
[-1789469704748982016.000s] Level 1:colcon.colcon_core.environment:checking '/home/shreyas/ros2_projects/ros2_ws/install/robotic_speed_service/lib'
[-1789469704748982016.000s] Level 1:colcon.colcon_core.environment:checking '/home/shreyas/ros2_projects/ros2_ws/install/robotic_speed_service/bin'
[-1789469704748982016.000s] Level 1:colcon.colcon_core.environment:checking '/home/shreyas/ros2_projects/ros2_ws/install/robotic_speed_service/lib/pkgconfig/robotic_speed_service.pc'
[-1789469704748982016.000s] Level 1:colcon.colcon_core.environment:checking '/home/shreyas/ros2_projects/ros2_ws/install/robotic_speed_service/lib/python3.14/site-packages'
[-1789469704748982016.000s] Level 1:colcon.colcon_core.shell:create_environment_hook('robotic_speed_service', 'pythonpath')
[-1789469704748982016.000s] INFO:colcon.colcon_core.shell:Creating environment hook '/home/shreyas/ros2_projects/ros2_ws/install/robotic_speed_service/share/robotic_speed_service/hook/pythonpath.ps1'
[-1789469704748982016.000s] INFO:colcon.colcon_core.shell:Creating environment descriptor '/home/shreyas/ros2_projects/ros2_ws/install/robotic_speed_service/share/robotic_speed_service/hook/pythonpath.dsv'
[-1789469704748982016.000s] INFO:colcon.colcon_core.shell:Creating environment hook '/home/shreyas/ros2_projects/ros2_ws/install/robotic_speed_service/share/robotic_speed_service/hook/pythonpath.sh'
[-1789469704748982016.000s] Level 1:colcon.colcon_core.environment:checking '/home/shreyas/ros2_projects/ros2_ws/install/robotic_speed_service/bin'
[-1789469704748982016.000s] Level 1:colcon.colcon_core.environment:create_environment_scripts_only(robotic_speed_service)
[-1789469704748982016.000s] INFO:colcon.colcon_core.shell:Creating package script '/home/shreyas/ros2_projects/ros2_ws/install/robotic_speed_service/share/robotic_speed_service/package.ps1'
[-1789469704748982016.000s] INFO:colcon.colcon_core.shell:Creating package descriptor '/home/shreyas/ros2_projects/ros2_ws/install/robotic_speed_service/share/robotic_speed_service/package.dsv'
[-1789469704748982016.000s] INFO:colcon.colcon_core.shell:Creating package script '/home/shreyas/ros2_projects/ros2_ws/install/robotic_speed_service/share/robotic_speed_service/package.sh'
[-1789469704748982016.000s] INFO:colcon.colcon_core.shell:Creating package script '/home/shreyas/ros2_projects/ros2_ws/install/robotic_speed_service/share/robotic_speed_service/package.bash'
[-1789469704748982016.000s] INFO:colcon.colcon_core.shell:Creating package script '/home/shreyas/ros2_projects/ros2_ws/install/robotic_speed_service/share/robotic_speed_service/package.zsh'
[-1789469704748982016.000s] Level 1:colcon.colcon_core.environment:create_file_with_runtime_dependencies(/home/shreyas/ros2_projects/ros2_ws/install/robotic_speed_service/share/colcon-core/packages/robotic_speed_service)
[-1789469704748982016.000s] DEBUG:colcon.colcon_parallel_executor.executor.parallel:closing loop
[-1789469704748982016.000s] DEBUG:colcon.colcon_parallel_executor.executor.parallel:loop closed
[-1789469704748982016.000s] DEBUG:colcon.colcon_parallel_executor.executor.parallel:run_until_complete finished with '0'
[-1789469704748982016.000s] DEBUG:colcon.colcon_core.event_reactor:joining thread
[-1789469704748982016.000s] INFO:colcon.colcon_core.plugin_system:Skipping extension 'colcon_notification.desktop_notification.terminal_notifier': Not used on non-Darwin systems
[-1789469704748982016.000s] INFO:colcon.colcon_core.plugin_system:Skipping extension 'colcon_notification.desktop_notification.win32': Not used on non-Windows systems
[-1789469704748982016.000s] INFO:colcon.colcon_notification.desktop_notification:Sending desktop notification using 'notify2'
[-1789469704748982016.000s] DEBUG:colcon.colcon_core.event_reactor:joined thread
[-1789469704748982016.000s] INFO:colcon.colcon_core.shell:Creating prefix script '/home/shreyas/ros2_projects/ros2_ws/install/local_setup.ps1'
[-1789469704748982016.000s] INFO:colcon.colcon_core.shell:Creating prefix util module '/home/shreyas/ros2_projects/ros2_ws/install/_local_setup_util_ps1.py'
[-1789469704748982016.000s] INFO:colcon.colcon_core.shell:Creating prefix chain script '/home/shreyas/ros2_projects/ros2_ws/install/setup.ps1'
[-1789469704748982016.000s] INFO:colcon.colcon_core.shell:Creating prefix script '/home/shreyas/ros2_projects/ros2_ws/install/local_setup.sh'
[-1789469704748982016.000s] INFO:colcon.colcon_core.shell:Creating prefix util module '/home/shreyas/ros2_projects/ros2_ws/install/_local_setup_util_sh.py'
[-1789469704748982016.000s] INFO:colcon.colcon_core.shell:Creating prefix chain script '/home/shreyas/ros2_projects/ros2_ws/install/setup.sh'
[-1789469704748982016.000s] INFO:colcon.colcon_core.shell:Creating prefix script '/home/shreyas/ros2_projects/ros2_ws/install/local_setup.bash'
[-1789469704748982016.000s] INFO:colcon.colcon_core.shell:Creating prefix chain script '/home/shreyas/ros2_projects/ros2_ws/install/setup.bash'
[-1789469704748982016.000s] INFO:colcon.colcon_core.shell:Creating prefix script '/home/shreyas/ros2_projects/ros2_ws/install/local_setup.zsh'
[-1789469704748982016.000s] INFO:colcon.colcon_core.shell:Creating prefix chain script '/home/shreyas/ros2_projects/ros2_ws/install/setup.zsh'
