[2.226s] Invoking command in '/home/shreyas/ros2_projects/ros2_ws/src/boki_pkg': DEBUGINFOD_URLS=https://debuginfod.ubuntu.com PYTHONPATH=/home/shreyas/ros2_projects/ros2_ws/build/boki_pkg/prefix_override:/usr/lib/python3/dist-packages/colcon_core/task/python/colcon_distutils_commands:/home/shreyas/ros2_projects/ros2_ws/install/boki_pkg/lib/python3.14/site-packages:${PYTHONPATH} /usr/bin/python3 -W ignore:setup.py install is deprecated -W ignore:easy_install command is deprecated setup.py egg_info --egg-base ../../build/boki_pkg build --build-base /home/shreyas/ros2_projects/ros2_ws/build/boki_pkg/build install --record /home/shreyas/ros2_projects/ros2_ws/build/boki_pkg/install.log --install-scripts $base/lib/boki_pkg --single-version-externally-managed install_data
[2.999s] running egg_info
[3.049s] writing ../../build/boki_pkg/boki_pkg.egg-info/PKG-INFO
[3.049s] writing dependency_links to ../../build/boki_pkg/boki_pkg.egg-info/dependency_links.txt
[3.049s] writing entry points to ../../build/boki_pkg/boki_pkg.egg-info/entry_points.txt
[3.049s] writing requirements to ../../build/boki_pkg/boki_pkg.egg-info/requires.txt
[3.050s] writing top-level names to ../../build/boki_pkg/boki_pkg.egg-info/top_level.txt
[3.166s] reading manifest file '../../build/boki_pkg/boki_pkg.egg-info/SOURCES.txt'
[3.170s] writing manifest file '../../build/boki_pkg/boki_pkg.egg-info/SOURCES.txt'
[3.171s] running build
[3.171s] running build_py
[3.172s] copying boki_pkg/boki_node.py -> /home/shreyas/ros2_projects/ros2_ws/build/boki_pkg/build/lib/boki_pkg
[3.172s] copying boki_pkg/boki_publisher.py -> /home/shreyas/ros2_projects/ros2_ws/build/boki_pkg/build/lib/boki_pkg
[3.172s] copying boki_pkg/__init__.py -> /home/shreyas/ros2_projects/ros2_ws/build/boki_pkg/build/lib/boki_pkg
[3.172s] copying boki_pkg/boki_subscriber.py -> /home/shreyas/ros2_projects/ros2_ws/build/boki_pkg/build/lib/boki_pkg
[3.174s] copying boki_pkg/py.typed -> /home/shreyas/ros2_projects/ros2_ws/build/boki_pkg/build/lib/boki_pkg
[3.174s] running install
[3.187s] running install_lib
[3.248s] running install_data
[3.248s] copying resource/boki_pkg -> /home/shreyas/ros2_projects/ros2_ws/install/boki_pkg/share/ament_index/resource_index/packages
[3.249s] copying package.xml -> /home/shreyas/ros2_projects/ros2_ws/install/boki_pkg/share/boki_pkg
[3.250s] running install_egg_info
[3.301s] removing '/home/shreyas/ros2_projects/ros2_ws/install/boki_pkg/lib/python3.14/site-packages/boki_pkg-0.0.0-py3.14.egg-info' (and everything under it)
[3.302s] Copying ../../build/boki_pkg/boki_pkg.egg-info to /home/shreyas/ros2_projects/ros2_ws/install/boki_pkg/lib/python3.14/site-packages/boki_pkg-0.0.0-py3.14.egg-info
[3.304s] running install_scripts
[3.595s] Installing boki_node script to /home/shreyas/ros2_projects/ros2_ws/install/boki_pkg/lib/boki_pkg
[3.595s] Installing boki_publisher script to /home/shreyas/ros2_projects/ros2_ws/install/boki_pkg/lib/boki_pkg
[3.595s] Installing boki_subscriber script to /home/shreyas/ros2_projects/ros2_ws/install/boki_pkg/lib/boki_pkg
[3.596s] writing list of installed files to '/home/shreyas/ros2_projects/ros2_ws/build/boki_pkg/install.log'
[3.716s] Invoked command in '/home/shreyas/ros2_projects/ros2_ws/src/boki_pkg' returned '0': DEBUGINFOD_URLS=https://debuginfod.ubuntu.com PYTHONPATH=/home/shreyas/ros2_projects/ros2_ws/build/boki_pkg/prefix_override:/usr/lib/python3/dist-packages/colcon_core/task/python/colcon_distutils_commands:/home/shreyas/ros2_projects/ros2_ws/install/boki_pkg/lib/python3.14/site-packages:${PYTHONPATH} /usr/bin/python3 -W ignore:setup.py install is deprecated -W ignore:easy_install command is deprecated setup.py egg_info --egg-base ../../build/boki_pkg build --build-base /home/shreyas/ros2_projects/ros2_ws/build/boki_pkg/build install --record /home/shreyas/ros2_projects/ros2_ws/build/boki_pkg/install.log --install-scripts $base/lib/boki_pkg --single-version-externally-managed install_data
