-- The C compiler identification is GNU 15.2.0
-- The CXX compiler identification is GNU 15.2.0
-- Detecting C compiler ABI info
-- Detecting C compiler ABI info - done
-- Check for working C compiler: /usr/bin/cc - skipped
-- Detecting C compile features
-- Detecting C compile features - done
-- Detecting CXX compiler ABI info
-- Detecting CXX compiler ABI info - done
-- Check for working CXX compiler: /usr/bin/c++ - skipped
-- Detecting CXX compile features
-- Detecting CXX compile features - done
-- Found ament_cmake: 2.8.8 (/opt/ros/lyrical/share/ament_cmake/cmake)
-- Found rosidl_default_generators: 1.8.1 (/opt/ros/lyrical/share/rosidl_default_generators/cmake)
-- Using all available rosidl_typesupport_c: rosidl_typesupport_fastrtps_c;rosidl_typesupport_introspection_c
-- Using all available rosidl_typesupport_cpp: rosidl_typesupport_fastrtps_cpp;rosidl_typesupport_introspection_cpp
-- Found rosidl_adapter: 5.2.1 (/opt/ros/lyrical/share/rosidl_adapter/cmake)
-- Found std_msgs: 5.9.3 (/opt/ros/lyrical/share/std_msgs/cmake)
-- Found Python3: /usr/bin/python3 (found version "3.14.4") found components: Interpreter
[31mCMake Error at /opt/ros/lyrical/share/rosidl_adapter/cmake/rosidl_adapt_interfaces.cmake:57 (message):
  execute_process(/usr/bin/python3 -m rosidl_adapter --package-name srv_pkg
  --arguments-file
  /home/shreyas/ros2_projects/ros2_ws/build/srv_pkg/rosidl_adapter__arguments__srv_pkg.json
  --output-dir
  /home/shreyas/ros2_projects/ros2_ws/build/srv_pkg/rosidl_adapter/srv_pkg
  --output-file
  /home/shreyas/ros2_projects/ros2_ws/build/srv_pkg/rosidl_adapter/srv_pkg.idls)
  returned error code 1:

  Error processing 'flot32 target_speed' of 'srv_pkg/SetRobotSpeed_Request':
  ''flot32' is an invalid message name.  It should have the pattern
  '^[A-Z][A-Za-z0-9]*$''

  Traceback (most recent call last):

    File "<frozen runpy>", line 198, in _run_module_as_main
    File "<frozen runpy>", line 88, in _run_code
    File "/opt/ros/lyrical/lib/python3.14/site-packages/rosidl_adapter/__main__.py", line 19, in <module>
      main()
      ~~~~^^
    File "/opt/ros/lyrical/lib/python3.14/site-packages/rosidl_adapter/main.py", line 54, in main
      abs_idl_file = convert_to_idl(
          pathlib.Path(basepath), args.package_name,
          pathlib.Path(relative_path), output_dir)
    File "/opt/ros/lyrical/lib/python3.14/site-packages/rosidl_adapter/__init__.py", line 27, in convert_to_idl
      return convert_srv_to_idl(
          package_dir, package_name, interface_file, output_dir / 'srv')
    File "/opt/ros/lyrical/lib/python3.14/site-packages/rosidl_adapter/srv/__init__.py", line 31, in convert_srv_to_idl
      srv = parse_service_string(package_name, input_file.stem, content)
    File "/opt/ros/lyrical/lib/python3.14/site-packages/rosidl_adapter/parser.py", line 907, in parse_service_string
      request_message = parse_message_string(
          pkg_name, srv_name + SERVICE_REQUEST_MESSAGE_SUFFIX, request_message_string)
    File "/opt/ros/lyrical/lib/python3.14/site-packages/rosidl_adapter/parser.py", line 558, in parse_message_string
      Type(type_string, context_package_name=pkg_name),
      ~~~~^^^^^^^^^^^^^^^^^^^^^^^^^^^^^^^^^^^^^^^^^^^^
    File "/opt/ros/lyrical/lib/python3.14/site-packages/rosidl_adapter/parser.py", line 300, in __init__
      super(Type, self).__init__(
      ~~~~~~~~~~~~~~~~~~~~~~~~~~^
          type_string,
          ^^^^^^^^^^^^
          context_package_name=context_package_name)
          ^^^^^^^^^^^^^^^^^^^^^^^^^^^^^^^^^^^^^^^^^^
    File "/opt/ros/lyrical/lib/python3.14/site-packages/rosidl_adapter/parser.py", line 228, in __init__
      raise InvalidResourceName(
          "'{}' is an invalid message name. It should have the pattern '{}'".format(
              self.type, VALID_MESSAGE_NAME_PATTERN.pattern))

  rosidl_adapter.parser.InvalidResourceName: 'flot32' is an invalid message
  name.  It should have the pattern '^[A-Z][A-Za-z0-9]*$'

Call Stack (most recent call first):
  /opt/ros/lyrical/share/rosidl_cmake/cmake/rosidl_generate_interfaces.cmake:132 (rosidl_adapt_interfaces)
  CMakeLists.txt:13 (rosidl_generate_interfaces)

[0m
-- Configuring incomplete, errors occurred!
