[0.491s] Invoking command in '/home/shreyas/ros2_projects/ros2_ws/build/srv_pkg': CMAKE_PREFIX_PATH=${CMAKE_PREFIX_PATH}:/opt/ros/lyrical DEBUGINFOD_URLS=https://debuginfod.ubuntu.com /usr/bin/cmake /home/shreyas/ros2_projects/ros2_ws/src/srv_pkg -DCMAKE_INSTALL_PREFIX=/home/shreyas/ros2_projects/ros2_ws/install/srv_pkg
[0.964s] -- The C compiler identification is GNU 15.2.0
[1.497s] -- The CXX compiler identification is GNU 15.2.0
[1.542s] -- Detecting C compiler ABI info
[1.796s] -- Detecting C compiler ABI info - done
[1.832s] -- Check for working C compiler: /usr/bin/cc - skipped
[1.833s] -- Detecting C compile features
[1.835s] -- Detecting C compile features - done
[1.882s] -- Detecting CXX compiler ABI info
[2.105s] -- Detecting CXX compiler ABI info - done
[2.158s] -- Check for working CXX compiler: /usr/bin/c++ - skipped
[2.158s] -- Detecting CXX compile features
[2.160s] -- Detecting CXX compile features - done
[2.250s] -- Found ament_cmake: 2.8.8 (/opt/ros/lyrical/share/ament_cmake/cmake)
[3.112s] -- Found rosidl_default_generators: 1.8.1 (/opt/ros/lyrical/share/rosidl_default_generators/cmake)
[3.140s] -- Using all available rosidl_typesupport_c: rosidl_typesupport_fastrtps_c;rosidl_typesupport_introspection_c
[3.317s] -- Using all available rosidl_typesupport_cpp: rosidl_typesupport_fastrtps_cpp;rosidl_typesupport_introspection_cpp
[3.494s] -- Found rosidl_adapter: 5.2.1 (/opt/ros/lyrical/share/rosidl_adapter/cmake)
[3.516s] -- Found std_msgs: 5.9.3 (/opt/ros/lyrical/share/std_msgs/cmake)
[3.977s] -- Found Python3: /usr/bin/python3 (found version "3.14.4") found components: Interpreter
[4.204s] [31mCMake Error at /opt/ros/lyrical/share/rosidl_adapter/cmake/rosidl_adapt_interfaces.cmake:57 (message):
[4.204s]   execute_process(/usr/bin/python3 -m rosidl_adapter --package-name srv_pkg
[4.204s]   --arguments-file
[4.204s]   /home/shreyas/ros2_projects/ros2_ws/build/srv_pkg/rosidl_adapter__arguments__srv_pkg.json
[4.204s]   --output-dir
[4.205s]   /home/shreyas/ros2_projects/ros2_ws/build/srv_pkg/rosidl_adapter/srv_pkg
[4.205s]   --output-file
[4.205s]   /home/shreyas/ros2_projects/ros2_ws/build/srv_pkg/rosidl_adapter/srv_pkg.idls)
[4.205s]   returned error code 1:
[4.205s] 
[4.206s]   Error processing 'flot32 target_speed' of 'srv_pkg/SetRobotSpeed_Request':
[4.206s]   ''flot32' is an invalid message name.  It should have the pattern
[4.206s]   '^[A-Z][A-Za-z0-9]*$''
[4.206s] 
[4.206s]   Traceback (most recent call last):
[4.206s] 
[4.207s]     File "<frozen runpy>", line 198, in _run_module_as_main
[4.207s]     File "<frozen runpy>", line 88, in _run_code
[4.207s]     File "/opt/ros/lyrical/lib/python3.14/site-packages/rosidl_adapter/__main__.py", line 19, in <module>
[4.207s]       main()
[4.207s]       ~~~~^^
[4.207s]     File "/opt/ros/lyrical/lib/python3.14/site-packages/rosidl_adapter/main.py", line 54, in main
[4.207s]       abs_idl_file = convert_to_idl(
[4.207s]           pathlib.Path(basepath), args.package_name,
[4.207s]           pathlib.Path(relative_path), output_dir)
[4.208s]     File "/opt/ros/lyrical/lib/python3.14/site-packages/rosidl_adapter/__init__.py", line 27, in convert_to_idl
[4.208s]       return convert_srv_to_idl(
[4.208s]           package_dir, package_name, interface_file, output_dir / 'srv')
[4.208s]     File "/opt/ros/lyrical/lib/python3.14/site-packages/rosidl_adapter/srv/__init__.py", line 31, in convert_srv_to_idl
[4.208s]       srv = parse_service_string(package_name, input_file.stem, content)
[4.208s]     File "/opt/ros/lyrical/lib/python3.14/site-packages/rosidl_adapter/parser.py", line 907, in parse_service_string
[4.208s]       request_message = parse_message_string(
[4.208s]           pkg_name, srv_name + SERVICE_REQUEST_MESSAGE_SUFFIX, request_message_string)
[4.209s]     File "/opt/ros/lyrical/lib/python3.14/site-packages/rosidl_adapter/parser.py", line 558, in parse_message_string
[4.209s]       Type(type_string, context_package_name=pkg_name),
[4.209s]       ~~~~^^^^^^^^^^^^^^^^^^^^^^^^^^^^^^^^^^^^^^^^^^^^
[4.209s]     File "/opt/ros/lyrical/lib/python3.14/site-packages/rosidl_adapter/parser.py", line 300, in __init__
[4.209s]       super(Type, self).__init__(
[4.209s]       ~~~~~~~~~~~~~~~~~~~~~~~~~~^
[4.209s]           type_string,
[4.209s]           ^^^^^^^^^^^^
[4.209s]           context_package_name=context_package_name)
[4.210s]           ^^^^^^^^^^^^^^^^^^^^^^^^^^^^^^^^^^^^^^^^^^
[4.210s]     File "/opt/ros/lyrical/lib/python3.14/site-packages/rosidl_adapter/parser.py", line 228, in __init__
[4.210s]       raise InvalidResourceName(
[4.210s]           "'{}' is an invalid message name. It should have the pattern '{}'".format(
[4.210s]               self.type, VALID_MESSAGE_NAME_PATTERN.pattern))
[4.210s] 
[4.211s]   rosidl_adapter.parser.InvalidResourceName: 'flot32' is an invalid message
[4.211s]   name.  It should have the pattern '^[A-Z][A-Za-z0-9]*$'
[4.211s] 
[4.211s] Call Stack (most recent call first):
[4.211s]   /opt/ros/lyrical/share/rosidl_cmake/cmake/rosidl_generate_interfaces.cmake:132 (rosidl_adapt_interfaces)
[4.211s]   CMakeLists.txt:13 (rosidl_generate_interfaces)
[4.211s] 
[4.211s] [0m
[4.212s] -- Configuring incomplete, errors occurred!
[4.228s] Invoked command in '/home/shreyas/ros2_projects/ros2_ws/build/srv_pkg' returned '1': CMAKE_PREFIX_PATH=${CMAKE_PREFIX_PATH}:/opt/ros/lyrical DEBUGINFOD_URLS=https://debuginfod.ubuntu.com /usr/bin/cmake /home/shreyas/ros2_projects/ros2_ws/src/srv_pkg -DCMAKE_INSTALL_PREFIX=/home/shreyas/ros2_projects/ros2_ws/install/srv_pkg
