[2.049s] Invoking command in '/home/shreyas/ros2_projects/ros2_ws/src/robotic_speed_service': DEBUGINFOD_URLS=https://debuginfod.ubuntu.com PYTHONPATH=/home/shreyas/ros2_projects/ros2_ws/build/robotic_speed_service/prefix_override:/usr/lib/python3/dist-packages/colcon_core/task/python/colcon_distutils_commands:/home/shreyas/ros2_projects/ros2_ws/install/robotic_speed_service/lib/python3.14/site-packages:/home/shreyas/ros2_projects/ros2_ws/install/srv_pkg/lib/python3.14/site-packages:/home/shreyas/ros2_projects/ros2_ws/install/robotic_speed_service/lib/python3.14/site-packages:/home/shreyas/ros2_projects/ros2_ws/install/boki_pkg/lib/python3.14/site-packages:/opt/ros/lyrical/opt/gz_sim_vendor/lib/python:/opt/ros/lyrical/opt/gz_transport_vendor/lib/python:/opt/ros/lyrical/opt/sdformat_vendor/lib/python:/opt/ros/lyrical/opt/gz_msgs_vendor/lib/python:/opt/ros/lyrical/opt/gz_math_vendor/lib/python:/opt/ros/lyrical/lib/python3.14/site-packages /usr/bin/python3 -W ignore:setup.py install is deprecated -W ignore:easy_install command is deprecated setup.py egg_info --egg-base ../../build/robotic_speed_service build --build-base /home/shreyas/ros2_projects/ros2_ws/build/robotic_speed_service/build install --record /home/shreyas/ros2_projects/ros2_ws/build/robotic_speed_service/install.log --install-scripts $base/lib/robotic_speed_service --single-version-externally-managed install_data
[2.508s] running egg_info
[2.541s] writing ../../build/robotic_speed_service/robotic_speed_service.egg-info/PKG-INFO
[2.542s] writing dependency_links to ../../build/robotic_speed_service/robotic_speed_service.egg-info/dependency_links.txt
[2.542s] writing entry points to ../../build/robotic_speed_service/robotic_speed_service.egg-info/entry_points.txt
[2.543s] writing requirements to ../../build/robotic_speed_service/robotic_speed_service.egg-info/requires.txt
[2.543s] writing top-level names to ../../build/robotic_speed_service/robotic_speed_service.egg-info/top_level.txt
[2.610s] reading manifest file '../../build/robotic_speed_service/robotic_speed_service.egg-info/SOURCES.txt'
[2.611s] writing manifest file '../../build/robotic_speed_service/robotic_speed_service.egg-info/SOURCES.txt'
[2.612s] running build
[2.612s] running build_py
[2.613s] copying robotic_speed_service/speed_server.py -> /home/shreyas/ros2_projects/ros2_ws/build/robotic_speed_service/build/lib/robotic_speed_service
[2.613s] copying robotic_speed_service/__init__.py -> /home/shreyas/ros2_projects/ros2_ws/build/robotic_speed_service/build/lib/robotic_speed_service
[2.613s] copying robotic_speed_service/py.typed -> /home/shreyas/ros2_projects/ros2_ws/build/robotic_speed_service/build/lib/robotic_speed_service
[2.613s] running install
[2.618s] running install_lib
[2.650s] copying /home/shreyas/ros2_projects/ros2_ws/build/robotic_speed_service/build/lib/robotic_speed_service/speed_server.py -> /home/shreyas/ros2_projects/ros2_ws/install/robotic_speed_service/lib/python3.14/site-packages/robotic_speed_service
[2.651s] byte-compiling /home/shreyas/ros2_projects/ros2_ws/install/robotic_speed_service/lib/python3.14/site-packages/robotic_speed_service/speed_server.py to speed_server.cpython-314.pyc
[2.652s] running install_data
[2.652s] copying resource/robotic_speed_service -> /home/shreyas/ros2_projects/ros2_ws/install/robotic_speed_service/share/ament_index/resource_index/packages
[2.653s] copying package.xml -> /home/shreyas/ros2_projects/ros2_ws/install/robotic_speed_service/share/robotic_speed_service
[2.653s] running install_egg_info
[2.684s] removing '/home/shreyas/ros2_projects/ros2_ws/install/robotic_speed_service/lib/python3.14/site-packages/robotic_speed_service-0.0.0-py3.14.egg-info' (and everything under it)
[2.684s] Copying ../../build/robotic_speed_service/robotic_speed_service.egg-info to /home/shreyas/ros2_projects/ros2_ws/install/robotic_speed_service/lib/python3.14/site-packages/robotic_speed_service-0.0.0-py3.14.egg-info
[2.685s] running install_scripts
[2.850s] Installing speed_server script to /home/shreyas/ros2_projects/ros2_ws/install/robotic_speed_service/lib/robotic_speed_service
[2.851s] writing list of installed files to '/home/shreyas/ros2_projects/ros2_ws/build/robotic_speed_service/install.log'
[2.910s] Invoked command in '/home/shreyas/ros2_projects/ros2_ws/src/robotic_speed_service' returned '0': DEBUGINFOD_URLS=https://debuginfod.ubuntu.com PYTHONPATH=/home/shreyas/ros2_projects/ros2_ws/build/robotic_speed_service/prefix_override:/usr/lib/python3/dist-packages/colcon_core/task/python/colcon_distutils_commands:/home/shreyas/ros2_projects/ros2_ws/install/robotic_speed_service/lib/python3.14/site-packages:/home/shreyas/ros2_projects/ros2_ws/install/srv_pkg/lib/python3.14/site-packages:/home/shreyas/ros2_projects/ros2_ws/install/robotic_speed_service/lib/python3.14/site-packages:/home/shreyas/ros2_projects/ros2_ws/install/boki_pkg/lib/python3.14/site-packages:/opt/ros/lyrical/opt/gz_sim_vendor/lib/python:/opt/ros/lyrical/opt/gz_transport_vendor/lib/python:/opt/ros/lyrical/opt/sdformat_vendor/lib/python:/opt/ros/lyrical/opt/gz_msgs_vendor/lib/python:/opt/ros/lyrical/opt/gz_math_vendor/lib/python:/opt/ros/lyrical/lib/python3.14/site-packages /usr/bin/python3 -W ignore:setup.py install is deprecated -W ignore:easy_install command is deprecated setup.py egg_info --egg-base ../../build/robotic_speed_service build --build-base /home/shreyas/ros2_projects/ros2_ws/build/robotic_speed_service/build install --record /home/shreyas/ros2_projects/ros2_ws/build/robotic_speed_service/install.log --install-scripts $base/lib/robotic_speed_service --single-version-externally-managed install_data
