[0.030s] Invoking command in '/home/shreyas/ros2_projects/ros2_ws/build/srv_pkg': CMAKE_PREFIX_PATH=${CMAKE_PREFIX_PATH}:/home/shreyas/ros2_projects/ros2_ws/install/robotic_speed_service:/home/shreyas/ros2_projects/ros2_ws/install/boki_pkg:/opt/ros/lyrical DEBUGINFOD_URLS=https://debuginfod.ubuntu.com /usr/bin/cmake --build /home/shreyas/ros2_projects/ros2_ws/build/srv_pkg -- -j8 -l8
[0.149s] [  2%] Built target srv_pkg__rosidl_generator_type_description
[0.206s] [  5%] Built target srv_pkg__cpp
[0.213s] [  8%] Built target srv_pkg__rs
[0.224s] [ 22%] Built target srv_pkg__rosidl_generator_c
[0.313s] [ 34%] Built target srv_pkg__rosidl_typesupport_fastrtps_cpp
[0.313s] [ 48%] Built target srv_pkg__rosidl_typesupport_fastrtps_c
[0.316s] [ 48%] Built target srv_pkg__rosidl_typesupport_cpp
[0.316s] [ 57%] Built target srv_pkg__rosidl_typesupport_introspection_c
[0.321s] [ 65%] Built target srv_pkg__rosidl_typesupport_introspection_cpp
[0.323s] [ 74%] Built target srv_pkg__rosidl_typesupport_c
[0.397s] [ 74%] Built target srv_pkg
[0.469s] [ 77%] Built target srv_pkg__py
[0.533s] [ 82%] Built target srv_pkg__rosidl_generator_py
[0.549s] [ 82%] Built target ament_cmake_python_sync_srv_pkg
[0.589s] [ 94%] Built target srv_pkg_s__rosidl_typesupport_fastrtps_c
[0.589s] [ 94%] Built target srv_pkg_s__rosidl_typesupport_introspection_c
[0.594s] [100%] Built target srv_pkg_s__rosidl_typesupport_c
[0.955s] running egg_info
[0.986s] writing srv_pkg.egg-info/PKG-INFO
[0.987s] writing dependency_links to srv_pkg.egg-info/dependency_links.txt
[0.987s] writing top-level names to srv_pkg.egg-info/top_level.txt
[1.087s] reading manifest file 'srv_pkg.egg-info/SOURCES.txt'
[1.088s] writing manifest file 'srv_pkg.egg-info/SOURCES.txt'
[1.176s] [100%] Built target ament_cmake_python_build_srv_pkg_egg
[1.208s] Invoked command in '/home/shreyas/ros2_projects/ros2_ws/build/srv_pkg' returned '0': CMAKE_PREFIX_PATH=${CMAKE_PREFIX_PATH}:/home/shreyas/ros2_projects/ros2_ws/install/robotic_speed_service:/home/shreyas/ros2_projects/ros2_ws/install/boki_pkg:/opt/ros/lyrical DEBUGINFOD_URLS=https://debuginfod.ubuntu.com /usr/bin/cmake --build /home/shreyas/ros2_projects/ros2_ws/build/srv_pkg -- -j8 -l8
[1.233s] Invoking command in '/home/shreyas/ros2_projects/ros2_ws/build/srv_pkg': CMAKE_PREFIX_PATH=${CMAKE_PREFIX_PATH}:/home/shreyas/ros2_projects/ros2_ws/install/robotic_speed_service:/home/shreyas/ros2_projects/ros2_ws/install/boki_pkg:/opt/ros/lyrical DEBUGINFOD_URLS=https://debuginfod.ubuntu.com /usr/bin/cmake --install /home/shreyas/ros2_projects/ros2_ws/build/srv_pkg
[1.259s] -- Install configuration: ""
[1.259s] -- Up-to-date: /home/shreyas/ros2_projects/ros2_ws/install/srv_pkg/share/ament_index/resource_index/rosidl_interfaces/srv_pkg
[1.260s] -- Up-to-date: /home/shreyas/ros2_projects/ros2_ws/install/srv_pkg/share/srv_pkg/srv/SetRobotSpeed.json
[1.260s] -- Up-to-date: /home/shreyas/ros2_projects/ros2_ws/install/srv_pkg/include/srv_pkg/srv_pkg
[1.260s] -- Up-to-date: /home/shreyas/ros2_projects/ros2_ws/install/srv_pkg/include/srv_pkg/srv_pkg/msg
[1.261s] -- Up-to-date: /home/shreyas/ros2_projects/ros2_ws/install/srv_pkg/include/srv_pkg/srv_pkg/msg/rosidl_generator_c__visibility_control.h
[1.261s] -- Up-to-date: /home/shreyas/ros2_projects/ros2_ws/install/srv_pkg/include/srv_pkg/srv_pkg/srv
[1.261s] -- Up-to-date: /home/shreyas/ros2_projects/ros2_ws/install/srv_pkg/include/srv_pkg/srv_pkg/srv/detail
[1.262s] -- Up-to-date: /home/shreyas/ros2_projects/ros2_ws/install/srv_pkg/include/srv_pkg/srv_pkg/srv/detail/set_robot_speed__type_support.h
[1.262s] -- Up-to-date: /home/shreyas/ros2_projects/ros2_ws/install/srv_pkg/include/srv_pkg/srv_pkg/srv/detail/set_robot_speed__functions.h
[1.263s] -- Up-to-date: /home/shreyas/ros2_projects/ros2_ws/install/srv_pkg/include/srv_pkg/srv_pkg/srv/detail/set_robot_speed__type_support.c
[1.263s] -- Up-to-date: /home/shreyas/ros2_projects/ros2_ws/install/srv_pkg/include/srv_pkg/srv_pkg/srv/detail/set_robot_speed__description.c
[1.263s] -- Up-to-date: /home/shreyas/ros2_projects/ros2_ws/install/srv_pkg/include/srv_pkg/srv_pkg/srv/detail/set_robot_speed__struct.h
[1.264s] -- Up-to-date: /home/shreyas/ros2_projects/ros2_ws/install/srv_pkg/include/srv_pkg/srv_pkg/srv/detail/set_robot_speed__functions.c
[1.264s] -- Up-to-date: /home/shreyas/ros2_projects/ros2_ws/install/srv_pkg/include/srv_pkg/srv_pkg/srv/set_robot_speed.h
[1.264s] -- Up-to-date: /home/shreyas/ros2_projects/ros2_ws/install/srv_pkg/share/srv_pkg/environment/library_path.sh
[1.265s] -- Up-to-date: /home/shreyas/ros2_projects/ros2_ws/install/srv_pkg/share/srv_pkg/environment/library_path.dsv
[1.265s] -- Up-to-date: /home/shreyas/ros2_projects/ros2_ws/install/srv_pkg/lib/libsrv_pkg__rosidl_generator_c.so
[1.265s] -- Up-to-date: /home/shreyas/ros2_projects/ros2_ws/install/srv_pkg/include/srv_pkg/srv_pkg
[1.266s] -- Up-to-date: /home/shreyas/ros2_projects/ros2_ws/install/srv_pkg/include/srv_pkg/srv_pkg/msg
[1.266s] -- Up-to-date: /home/shreyas/ros2_projects/ros2_ws/install/srv_pkg/include/srv_pkg/srv_pkg/msg/rosidl_typesupport_fastrtps_c__visibility_control.h
[1.266s] -- Up-to-date: /home/shreyas/ros2_projects/ros2_ws/install/srv_pkg/include/srv_pkg/srv_pkg/srv
[1.267s] -- Up-to-date: /home/shreyas/ros2_projects/ros2_ws/install/srv_pkg/include/srv_pkg/srv_pkg/srv/detail
[1.267s] -- Up-to-date: /home/shreyas/ros2_projects/ros2_ws/install/srv_pkg/include/srv_pkg/srv_pkg/srv/detail/set_robot_speed__rosidl_typesupport_fastrtps_c.h
[1.267s] -- Up-to-date: /home/shreyas/ros2_projects/ros2_ws/install/srv_pkg/lib/libsrv_pkg__rosidl_typesupport_fastrtps_c.so
[1.268s] -- Up-to-date: /home/shreyas/ros2_projects/ros2_ws/install/srv_pkg/include/srv_pkg/srv_pkg
[1.268s] -- Up-to-date: /home/shreyas/ros2_projects/ros2_ws/install/srv_pkg/include/srv_pkg/srv_pkg/msg
[1.268s] -- Up-to-date: /home/shreyas/ros2_projects/ros2_ws/install/srv_pkg/include/srv_pkg/srv_pkg/msg/rosidl_typesupport_introspection_c__visibility_control.h
[1.269s] -- Up-to-date: /home/shreyas/ros2_projects/ros2_ws/install/srv_pkg/include/srv_pkg/srv_pkg/srv
[1.269s] -- Up-to-date: /home/shreyas/ros2_projects/ros2_ws/install/srv_pkg/include/srv_pkg/srv_pkg/srv/detail
[1.269s] -- Up-to-date: /home/shreyas/ros2_projects/ros2_ws/install/srv_pkg/include/srv_pkg/srv_pkg/srv/detail/set_robot_speed__type_support.c
[1.270s] -- Up-to-date: /home/shreyas/ros2_projects/ros2_ws/install/srv_pkg/include/srv_pkg/srv_pkg/srv/detail/set_robot_speed__rosidl_typesupport_introspection_c.h
[1.270s] -- Up-to-date: /home/shreyas/ros2_projects/ros2_ws/install/srv_pkg/lib/libsrv_pkg__rosidl_typesupport_introspection_c.so
[1.270s] -- Up-to-date: /home/shreyas/ros2_projects/ros2_ws/install/srv_pkg/lib/libsrv_pkg__rosidl_typesupport_c.so
[1.271s] -- Up-to-date: /home/shreyas/ros2_projects/ros2_ws/install/srv_pkg/include/srv_pkg/srv_pkg
[1.271s] -- Up-to-date: /home/shreyas/ros2_projects/ros2_ws/install/srv_pkg/include/srv_pkg/srv_pkg/msg
[1.271s] -- Up-to-date: /home/shreyas/ros2_projects/ros2_ws/install/srv_pkg/include/srv_pkg/srv_pkg/msg/rosidl_generator_cpp__visibility_control.hpp
[1.271s] -- Up-to-date: /home/shreyas/ros2_projects/ros2_ws/install/srv_pkg/include/srv_pkg/srv_pkg/srv
[1.272s] -- Up-to-date: /home/shreyas/ros2_projects/ros2_ws/install/srv_pkg/include/srv_pkg/srv_pkg/srv/set_robot_speed.hpp
[1.272s] -- Up-to-date: /home/shreyas/ros2_projects/ros2_ws/install/srv_pkg/include/srv_pkg/srv_pkg/srv/detail
[1.272s] -- Up-to-date: /home/shreyas/ros2_projects/ros2_ws/install/srv_pkg/include/srv_pkg/srv_pkg/srv/detail/set_robot_speed__type_support.hpp
[1.273s] -- Up-to-date: /home/shreyas/ros2_projects/ros2_ws/install/srv_pkg/include/srv_pkg/srv_pkg/srv/detail/set_robot_speed__builder.hpp
[1.273s] -- Up-to-date: /home/shreyas/ros2_projects/ros2_ws/install/srv_pkg/include/srv_pkg/srv_pkg/srv/detail/set_robot_speed__traits.hpp
[1.273s] -- Up-to-date: /home/shreyas/ros2_projects/ros2_ws/install/srv_pkg/include/srv_pkg/srv_pkg/srv/detail/set_robot_speed__struct.hpp
[1.274s] -- Up-to-date: /home/shreyas/ros2_projects/ros2_ws/install/srv_pkg/include/srv_pkg/srv_pkg
[1.274s] -- Up-to-date: /home/shreyas/ros2_projects/ros2_ws/install/srv_pkg/include/srv_pkg/srv_pkg/msg
[1.275s] -- Up-to-date: /home/shreyas/ros2_projects/ros2_ws/install/srv_pkg/include/srv_pkg/srv_pkg/msg/rosidl_typesupport_fastrtps_cpp__visibility_control.h
[1.275s] -- Up-to-date: /home/shreyas/ros2_projects/ros2_ws/install/srv_pkg/include/srv_pkg/srv_pkg/srv
[1.275s] -- Up-to-date: /home/shreyas/ros2_projects/ros2_ws/install/srv_pkg/include/srv_pkg/srv_pkg/srv/detail
[1.276s] -- Up-to-date: /home/shreyas/ros2_projects/ros2_ws/install/srv_pkg/include/srv_pkg/srv_pkg/srv/detail/dds_fastrtps
[1.276s] -- Up-to-date: /home/shreyas/ros2_projects/ros2_ws/install/srv_pkg/include/srv_pkg/srv_pkg/srv/detail/set_robot_speed__rosidl_typesupport_fastrtps_cpp.hpp
[1.276s] -- Up-to-date: /home/shreyas/ros2_projects/ros2_ws/install/srv_pkg/lib/libsrv_pkg__rosidl_typesupport_fastrtps_cpp.so
[1.277s] -- Up-to-date: /home/shreyas/ros2_projects/ros2_ws/install/srv_pkg/include/srv_pkg/srv_pkg
[1.277s] -- Up-to-date: /home/shreyas/ros2_projects/ros2_ws/install/srv_pkg/include/srv_pkg/srv_pkg/srv
[1.277s] -- Up-to-date: /home/shreyas/ros2_projects/ros2_ws/install/srv_pkg/include/srv_pkg/srv_pkg/srv/detail
[1.278s] -- Up-to-date: /home/shreyas/ros2_projects/ros2_ws/install/srv_pkg/include/srv_pkg/srv_pkg/srv/detail/set_robot_speed__rosidl_typesupport_introspection_cpp.hpp
[1.278s] -- Up-to-date: /home/shreyas/ros2_projects/ros2_ws/install/srv_pkg/include/srv_pkg/srv_pkg/srv/detail/set_robot_speed__type_support.cpp
[1.278s] -- Up-to-date: /home/shreyas/ros2_projects/ros2_ws/install/srv_pkg/lib/libsrv_pkg__rosidl_typesupport_introspection_cpp.so
[1.278s] -- Up-to-date: /home/shreyas/ros2_projects/ros2_ws/install/srv_pkg/lib/libsrv_pkg__rosidl_typesupport_cpp.so
[1.278s] -- Up-to-date: /home/shreyas/ros2_projects/ros2_ws/install/srv_pkg/share/srv_pkg/environment/pythonpath.sh
[1.279s] -- Up-to-date: /home/shreyas/ros2_projects/ros2_ws/install/srv_pkg/share/srv_pkg/environment/pythonpath.dsv
[1.279s] -- Up-to-date: /home/shreyas/ros2_projects/ros2_ws/install/srv_pkg/lib/python3.14/site-packages/srv_pkg/srv_pkg_s__rosidl_typesupport_fastrtps_c.so
[1.279s] -- Up-to-date: /home/shreyas/ros2_projects/ros2_ws/install/srv_pkg/lib/python3.14/site-packages/srv_pkg/srv_pkg_s__rosidl_typesupport_introspection_c.so
[1.279s] -- Up-to-date: /home/shreyas/ros2_projects/ros2_ws/install/srv_pkg/lib/python3.14/site-packages/srv_pkg/srv_pkg_s__rosidl_typesupport_c.so
[1.280s] -- Up-to-date: /home/shreyas/ros2_projects/ros2_ws/install/srv_pkg/lib/libsrv_pkg__rosidl_generator_py.so
[1.280s] -- Up-to-date: /home/shreyas/ros2_projects/ros2_ws/install/srv_pkg/share/srv_pkg/rust
[1.280s] -- Up-to-date: /home/shreyas/ros2_projects/ros2_ws/install/srv_pkg/share/srv_pkg/rust/src
[1.280s] -- Up-to-date: /home/shreyas/ros2_projects/ros2_ws/install/srv_pkg/share/srv_pkg/rust/src/srv
[1.281s] -- Up-to-date: /home/shreyas/ros2_projects/ros2_ws/install/srv_pkg/share/srv_pkg/rust/src/srv/rmw.rs
[1.281s] -- Up-to-date: /home/shreyas/ros2_projects/ros2_ws/install/srv_pkg/share/srv_pkg/rust/src/srv.rs
[1.281s] -- Up-to-date: /home/shreyas/ros2_projects/ros2_ws/install/srv_pkg/share/srv_pkg/rust/src/lib.rs
[1.281s] -- Up-to-date: /home/shreyas/ros2_projects/ros2_ws/install/srv_pkg/share/srv_pkg/rust/Cargo.toml
[1.282s] -- Up-to-date: /home/shreyas/ros2_projects/ros2_ws/install/srv_pkg/share/srv_pkg/rust/build.rs
[1.282s] -- Up-to-date: /home/shreyas/ros2_projects/ros2_ws/install/srv_pkg/share/srv_pkg/srv/SetRobotSpeed.idl
[1.282s] -- Up-to-date: /home/shreyas/ros2_projects/ros2_ws/install/srv_pkg/share/srv_pkg/srv/SetRobotSpeed.srv
[1.282s] -- Up-to-date: /home/shreyas/ros2_projects/ros2_ws/install/srv_pkg/share/ament_index/resource_index/package_run_dependencies/srv_pkg
[1.283s] -- Up-to-date: /home/shreyas/ros2_projects/ros2_ws/install/srv_pkg/share/ament_index/resource_index/parent_prefix_path/srv_pkg
[1.283s] -- Up-to-date: /home/shreyas/ros2_projects/ros2_ws/install/srv_pkg/share/srv_pkg/environment/ament_prefix_path.sh
[1.283s] -- Up-to-date: /home/shreyas/ros2_projects/ros2_ws/install/srv_pkg/share/srv_pkg/environment/ament_prefix_path.dsv
[1.283s] -- Up-to-date: /home/shreyas/ros2_projects/ros2_ws/install/srv_pkg/share/srv_pkg/environment/path.sh
[1.284s] -- Up-to-date: /home/shreyas/ros2_projects/ros2_ws/install/srv_pkg/share/srv_pkg/environment/path.dsv
[1.284s] -- Up-to-date: /home/shreyas/ros2_projects/ros2_ws/install/srv_pkg/share/srv_pkg/local_setup.bash
[1.284s] -- Up-to-date: /home/shreyas/ros2_projects/ros2_ws/install/srv_pkg/share/srv_pkg/local_setup.fish
[1.284s] -- Up-to-date: /home/shreyas/ros2_projects/ros2_ws/install/srv_pkg/share/srv_pkg/local_setup.sh
[1.284s] -- Up-to-date: /home/shreyas/ros2_projects/ros2_ws/install/srv_pkg/share/srv_pkg/local_setup.zsh
[1.285s] -- Up-to-date: /home/shreyas/ros2_projects/ros2_ws/install/srv_pkg/share/srv_pkg/local_setup.dsv
[1.285s] -- Installing: /home/shreyas/ros2_projects/ros2_ws/install/srv_pkg/share/srv_pkg/package.dsv
[1.285s] -- Up-to-date: /home/shreyas/ros2_projects/ros2_ws/install/srv_pkg/share/ament_index/resource_index/packages/srv_pkg
[1.285s] -- Up-to-date: /home/shreyas/ros2_projects/ros2_ws/install/srv_pkg/share/srv_pkg/cmake/export_srv_pkg__rosidl_generator_cExport.cmake
[1.285s] -- Up-to-date: /home/shreyas/ros2_projects/ros2_ws/install/srv_pkg/share/srv_pkg/cmake/export_srv_pkg__rosidl_generator_cExport-noconfig.cmake
[1.286s] -- Up-to-date: /home/shreyas/ros2_projects/ros2_ws/install/srv_pkg/share/srv_pkg/cmake/export_srv_pkg__rosidl_typesupport_fastrtps_cExport.cmake
[1.286s] -- Up-to-date: /home/shreyas/ros2_projects/ros2_ws/install/srv_pkg/share/srv_pkg/cmake/export_srv_pkg__rosidl_typesupport_fastrtps_cExport-noconfig.cmake
[1.286s] -- Up-to-date: /home/shreyas/ros2_projects/ros2_ws/install/srv_pkg/share/srv_pkg/cmake/srv_pkg__rosidl_typesupport_introspection_cExport.cmake
[1.287s] -- Up-to-date: /home/shreyas/ros2_projects/ros2_ws/install/srv_pkg/share/srv_pkg/cmake/srv_pkg__rosidl_typesupport_introspection_cExport-noconfig.cmake
[1.287s] -- Up-to-date: /home/shreyas/ros2_projects/ros2_ws/install/srv_pkg/share/srv_pkg/cmake/srv_pkg__rosidl_typesupport_cExport.cmake
[1.287s] -- Up-to-date: /home/shreyas/ros2_projects/ros2_ws/install/srv_pkg/share/srv_pkg/cmake/srv_pkg__rosidl_typesupport_cExport-noconfig.cmake
[1.287s] -- Up-to-date: /home/shreyas/ros2_projects/ros2_ws/install/srv_pkg/share/srv_pkg/cmake/export_srv_pkg__rosidl_generator_cppExport.cmake
[1.288s] -- Up-to-date: /home/shreyas/ros2_projects/ros2_ws/install/srv_pkg/share/srv_pkg/cmake/export_srv_pkg__rosidl_typesupport_fastrtps_cppExport.cmake
[1.288s] -- Up-to-date: /home/shreyas/ros2_projects/ros2_ws/install/srv_pkg/share/srv_pkg/cmake/export_srv_pkg__rosidl_typesupport_fastrtps_cppExport-noconfig.cmake
[1.288s] -- Up-to-date: /home/shreyas/ros2_projects/ros2_ws/install/srv_pkg/share/srv_pkg/cmake/srv_pkg__rosidl_typesupport_introspection_cppExport.cmake
[1.288s] -- Up-to-date: /home/shreyas/ros2_projects/ros2_ws/install/srv_pkg/share/srv_pkg/cmake/srv_pkg__rosidl_typesupport_introspection_cppExport-noconfig.cmake
[1.289s] -- Up-to-date: /home/shreyas/ros2_projects/ros2_ws/install/srv_pkg/share/srv_pkg/cmake/srv_pkg__rosidl_typesupport_cppExport.cmake
[1.289s] -- Up-to-date: /home/shreyas/ros2_projects/ros2_ws/install/srv_pkg/share/srv_pkg/cmake/srv_pkg__rosidl_typesupport_cppExport-noconfig.cmake
[1.289s] -- Up-to-date: /home/shreyas/ros2_projects/ros2_ws/install/srv_pkg/share/srv_pkg/cmake/export_srv_pkg__rosidl_generator_pyExport.cmake
[1.289s] -- Up-to-date: /home/shreyas/ros2_projects/ros2_ws/install/srv_pkg/share/srv_pkg/cmake/export_srv_pkg__rosidl_generator_pyExport-noconfig.cmake
[1.289s] -- Up-to-date: /home/shreyas/ros2_projects/ros2_ws/install/srv_pkg/lib/python3.14/site-packages/srv_pkg-0.0.0-py3.14.egg-info
[1.290s] -- Installing: /home/shreyas/ros2_projects/ros2_ws/install/srv_pkg/lib/python3.14/site-packages/srv_pkg-0.0.0-py3.14.egg-info/dependency_links.txt
[1.290s] -- Installing: /home/shreyas/ros2_projects/ros2_ws/install/srv_pkg/lib/python3.14/site-packages/srv_pkg-0.0.0-py3.14.egg-info/SOURCES.txt
[1.290s] -- Installing: /home/shreyas/ros2_projects/ros2_ws/install/srv_pkg/lib/python3.14/site-packages/srv_pkg-0.0.0-py3.14.egg-info/PKG-INFO
[1.290s] -- Installing: /home/shreyas/ros2_projects/ros2_ws/install/srv_pkg/lib/python3.14/site-packages/srv_pkg-0.0.0-py3.14.egg-info/top_level.txt
[1.291s] -- Up-to-date: /home/shreyas/ros2_projects/ros2_ws/install/srv_pkg/lib/python3.14/site-packages/srv_pkg
[1.291s] -- Up-to-date: /home/shreyas/ros2_projects/ros2_ws/install/srv_pkg/lib/python3.14/site-packages/srv_pkg/_srv_pkg_s.ep.rosidl_typesupport_c.c
[1.291s] -- Up-to-date: /home/shreyas/ros2_projects/ros2_ws/install/srv_pkg/lib/python3.14/site-packages/srv_pkg/srv
[1.291s] -- Up-to-date: /home/shreyas/ros2_projects/ros2_ws/install/srv_pkg/lib/python3.14/site-packages/srv_pkg/srv/_set_robot_speed_s.c
[1.291s] -- Up-to-date: /home/shreyas/ros2_projects/ros2_ws/install/srv_pkg/lib/python3.14/site-packages/srv_pkg/srv/_set_robot_speed.py
[1.292s] -- Up-to-date: /home/shreyas/ros2_projects/ros2_ws/install/srv_pkg/lib/python3.14/site-packages/srv_pkg/srv/__init__.py
[1.292s] -- Up-to-date: /home/shreyas/ros2_projects/ros2_ws/install/srv_pkg/lib/python3.14/site-packages/srv_pkg/_srv_pkg_s.ep.rosidl_typesupport_fastrtps_c.c
[1.292s] -- Up-to-date: /home/shreyas/ros2_projects/ros2_ws/install/srv_pkg/lib/python3.14/site-packages/srv_pkg/_srv_pkg_s.ep.rosidl_typesupport_introspection_c.c
[1.292s] -- Up-to-date: /home/shreyas/ros2_projects/ros2_ws/install/srv_pkg/lib/python3.14/site-packages/srv_pkg/py.typed
[1.293s] -- Up-to-date: /home/shreyas/ros2_projects/ros2_ws/install/srv_pkg/lib/python3.14/site-packages/srv_pkg/srv_pkg_s__rosidl_typesupport_fastrtps_c.so
[1.293s] -- Up-to-date: /home/shreyas/ros2_projects/ros2_ws/install/srv_pkg/lib/python3.14/site-packages/srv_pkg/srv_pkg_s__rosidl_typesupport_introspection_c.so
[1.293s] -- Up-to-date: /home/shreyas/ros2_projects/ros2_ws/install/srv_pkg/lib/python3.14/site-packages/srv_pkg/srv_pkg_s__rosidl_typesupport_c.so
[1.293s] -- Up-to-date: /home/shreyas/ros2_projects/ros2_ws/install/srv_pkg/lib/python3.14/site-packages/srv_pkg/__init__.py
[1.370s] Listing '/home/shreyas/ros2_projects/ros2_ws/install/srv_pkg/lib/python3.14/site-packages/srv_pkg'...
[1.370s] Listing '/home/shreyas/ros2_projects/ros2_ws/install/srv_pkg/lib/python3.14/site-packages/srv_pkg/srv'...
[1.384s] -- Up-to-date: /home/shreyas/ros2_projects/ros2_ws/install/srv_pkg/share/srv_pkg/cmake/rosidl_cmake-extras.cmake
[1.384s] -- Up-to-date: /home/shreyas/ros2_projects/ros2_ws/install/srv_pkg/share/srv_pkg/cmake/ament_cmake_export_dependencies-extras.cmake
[1.384s] -- Up-to-date: /home/shreyas/ros2_projects/ros2_ws/install/srv_pkg/share/srv_pkg/cmake/ament_cmake_export_include_directories-extras.cmake
[1.385s] -- Up-to-date: /home/shreyas/ros2_projects/ros2_ws/install/srv_pkg/share/srv_pkg/cmake/ament_cmake_export_libraries-extras.cmake
[1.385s] -- Up-to-date: /home/shreyas/ros2_projects/ros2_ws/install/srv_pkg/share/srv_pkg/cmake/ament_cmake_export_targets-extras.cmake
[1.385s] -- Up-to-date: /home/shreyas/ros2_projects/ros2_ws/install/srv_pkg/share/srv_pkg/cmake/rosidl_cmake_export_typesupport_targets-extras.cmake
[1.385s] -- Up-to-date: /home/shreyas/ros2_projects/ros2_ws/install/srv_pkg/share/srv_pkg/cmake/rosidl_cmake_export_typesupport_libraries-extras.cmake
[1.385s] -- Up-to-date: /home/shreyas/ros2_projects/ros2_ws/install/srv_pkg/share/srv_pkg/cmake/rosidl_cmake_aggregate_target-extras.cmake
[1.386s] -- Up-to-date: /home/shreyas/ros2_projects/ros2_ws/install/srv_pkg/share/srv_pkg/cmake/srv_pkgConfig.cmake
[1.386s] -- Up-to-date: /home/shreyas/ros2_projects/ros2_ws/install/srv_pkg/share/srv_pkg/cmake/srv_pkgConfig-version.cmake
[1.386s] -- Up-to-date: /home/shreyas/ros2_projects/ros2_ws/install/srv_pkg/share/srv_pkg/package.xml
[1.391s] Invoked command in '/home/shreyas/ros2_projects/ros2_ws/build/srv_pkg' returned '0': CMAKE_PREFIX_PATH=${CMAKE_PREFIX_PATH}:/home/shreyas/ros2_projects/ros2_ws/install/robotic_speed_service:/home/shreyas/ros2_projects/ros2_ws/install/boki_pkg:/opt/ros/lyrical DEBUGINFOD_URLS=https://debuginfod.ubuntu.com /usr/bin/cmake --install /home/shreyas/ros2_projects/ros2_ws/build/srv_pkg
