/home/shreyas/ros2_projects/ros2_project/install/first_pkg/lib/python3.14/site-packages/first_pkg/subscriber_node.py
/home/shreyas/ros2_projects/ros2_project/install/first_pkg/lib/python3.14/site-packages/first_pkg/simple_node.py
/home/shreyas/ros2_projects/ros2_project/install/first_pkg/lib/python3.14/site-packages/first_pkg/publisher_node.py
/home/shreyas/ros2_projects/ros2_project/install/first_pkg/lib/python3.14/site-packages/first_pkg/add_two_ints_server.py
/home/shreyas/ros2_projects/ros2_project/install/first_pkg/lib/python3.14/site-packages/first_pkg/add_two_ints_client.py
/home/shreyas/ros2_projects/ros2_project/install/first_pkg/lib/python3.14/site-packages/first_pkg/__init__.py
/home/shreyas/ros2_projects/ros2_project/install/first_pkg/lib/python3.14/site-packages/first_pkg/py.typed
/home/shreyas/ros2_projects/ros2_project/install/first_pkg/lib/python3.14/site-packages/first_pkg/__pycache__/subscriber_node.cpython-314.pyc
/home/shreyas/ros2_projects/ros2_project/install/first_pkg/lib/python3.14/site-packages/first_pkg/__pycache__/simple_node.cpython-314.pyc
/home/shreyas/ros2_projects/ros2_project/install/first_pkg/lib/python3.14/site-packages/first_pkg/__pycache__/publisher_node.cpython-314.pyc
/home/shreyas/ros2_projects/ros2_project/install/first_pkg/lib/python3.14/site-packages/first_pkg/__pycache__/add_two_ints_server.cpython-314.pyc
/home/shreyas/ros2_projects/ros2_project/install/first_pkg/lib/python3.14/site-packages/first_pkg/__pycache__/add_two_ints_client.cpython-314.pyc
/home/shreyas/ros2_projects/ros2_project/install/first_pkg/lib/python3.14/site-packages/first_pkg/__pycache__/__init__.cpython-314.pyc
/home/shreyas/ros2_projects/ros2_project/install/first_pkg/share/ament_index/resource_index/packages/first_pkg
/home/shreyas/ros2_projects/ros2_project/install/first_pkg/share/first_pkg/package.xml
/home/shreyas/ros2_projects/ros2_project/install/first_pkg/lib/python3.14/site-packages/first_pkg-0.0.0-py3.14.egg-info/dependency_links.txt
/home/shreyas/ros2_projects/ros2_project/install/first_pkg/lib/python3.14/site-packages/first_pkg-0.0.0-py3.14.egg-info/zip-safe
/home/shreyas/ros2_projects/ros2_project/install/first_pkg/lib/python3.14/site-packages/first_pkg-0.0.0-py3.14.egg-info/SOURCES.txt
/home/shreyas/ros2_projects/ros2_project/install/first_pkg/lib/python3.14/site-packages/first_pkg-0.0.0-py3.14.egg-info/requires.txt
/home/shreyas/ros2_projects/ros2_project/install/first_pkg/lib/python3.14/site-packages/first_pkg-0.0.0-py3.14.egg-info/PKG-INFO
/home/shreyas/ros2_projects/ros2_project/install/first_pkg/lib/python3.14/site-packages/first_pkg-0.0.0-py3.14.egg-info/entry_points.txt
/home/shreyas/ros2_projects/ros2_project/install/first_pkg/lib/python3.14/site-packages/first_pkg-0.0.0-py3.14.egg-info/top_level.txt
/home/shreyas/ros2_projects/ros2_project/install/first_pkg/lib/first_pkg/add_two_ints_client
/home/shreyas/ros2_projects/ros2_project/install/first_pkg/lib/first_pkg/add_two_ints_server
/home/shreyas/ros2_projects/ros2_project/install/first_pkg/lib/first_pkg/publisher_node
/home/shreyas/ros2_projects/ros2_project/install/first_pkg/lib/first_pkg/simple_node
/home/shreyas/ros2_projects/ros2_project/install/first_pkg/lib/first_pkg/subscriber_node
