[1.294s] Invoking command in '/home/shreyas/ros2_projects/ros2_project/src/first_pkg': DEBUGINFOD_URLS=https://debuginfod.ubuntu.com PYTHONPATH=/home/shreyas/ros2_projects/ros2_project/build/first_pkg/prefix_override:/usr/lib/python3/dist-packages/colcon_core/task/python/colcon_distutils_commands:/home/shreyas/ros2_projects/ros2_project/install/first_pkg/lib/python3.14/site-packages:${PYTHONPATH} /usr/bin/python3 -W ignore:setup.py install is deprecated -W ignore:easy_install command is deprecated setup.py egg_info --egg-base ../../build/first_pkg build --build-base /home/shreyas/ros2_projects/ros2_project/build/first_pkg/build install --record /home/shreyas/ros2_projects/ros2_project/build/first_pkg/install.log --install-scripts $base/lib/first_pkg --single-version-externally-managed install_data
[1.727s] running egg_info
[1.761s] writing ../../build/first_pkg/first_pkg.egg-info/PKG-INFO
[1.762s] writing dependency_links to ../../build/first_pkg/first_pkg.egg-info/dependency_links.txt
[1.764s] writing entry points to ../../build/first_pkg/first_pkg.egg-info/entry_points.txt
[1.764s] writing requirements to ../../build/first_pkg/first_pkg.egg-info/requires.txt
[1.764s] writing top-level names to ../../build/first_pkg/first_pkg.egg-info/top_level.txt
[1.836s] reading manifest file '../../build/first_pkg/first_pkg.egg-info/SOURCES.txt'
[1.839s] adding license file 'LICENSE'
[1.839s] writing manifest file '../../build/first_pkg/first_pkg.egg-info/SOURCES.txt'
[1.840s] running build
[1.840s] running build_py
[1.840s] copying first_pkg/simple_node.py -> /home/shreyas/ros2_projects/ros2_project/build/first_pkg/build/lib/first_pkg
[1.842s] copying first_pkg/publisher_node.py -> /home/shreyas/ros2_projects/ros2_project/build/first_pkg/build/lib/first_pkg
[1.842s] copying first_pkg/__init__.py -> /home/shreyas/ros2_projects/ros2_project/build/first_pkg/build/lib/first_pkg
[1.842s] copying first_pkg/py.typed -> /home/shreyas/ros2_projects/ros2_project/build/first_pkg/build/lib/first_pkg
[1.843s] running install
[1.848s] running install_lib
[1.881s] copying /home/shreyas/ros2_projects/ros2_project/build/first_pkg/build/lib/first_pkg/publisher_node.py -> /home/shreyas/ros2_projects/ros2_project/install/first_pkg/lib/python3.14/site-packages/first_pkg
[1.883s] byte-compiling /home/shreyas/ros2_projects/ros2_project/install/first_pkg/lib/python3.14/site-packages/first_pkg/publisher_node.py to publisher_node.cpython-314.pyc
[1.884s] running install_data
[1.884s] copying resource/first_pkg -> /home/shreyas/ros2_projects/ros2_project/install/first_pkg/share/ament_index/resource_index/packages
[1.884s] copying package.xml -> /home/shreyas/ros2_projects/ros2_project/install/first_pkg/share/first_pkg
[1.884s] running install_egg_info
[1.917s] removing '/home/shreyas/ros2_projects/ros2_project/install/first_pkg/lib/python3.14/site-packages/first_pkg-0.0.0-py3.14.egg-info' (and everything under it)
[1.917s] Copying ../../build/first_pkg/first_pkg.egg-info to /home/shreyas/ros2_projects/ros2_project/install/first_pkg/lib/python3.14/site-packages/first_pkg-0.0.0-py3.14.egg-info
[1.922s] running install_scripts
[2.109s] Installing publisher_node script to /home/shreyas/ros2_projects/ros2_project/install/first_pkg/lib/first_pkg
[2.110s] Installing simple_node script to /home/shreyas/ros2_projects/ros2_project/install/first_pkg/lib/first_pkg
[2.110s] writing list of installed files to '/home/shreyas/ros2_projects/ros2_project/build/first_pkg/install.log'
[2.189s] Invoked command in '/home/shreyas/ros2_projects/ros2_project/src/first_pkg' returned '0': DEBUGINFOD_URLS=https://debuginfod.ubuntu.com PYTHONPATH=/home/shreyas/ros2_projects/ros2_project/build/first_pkg/prefix_override:/usr/lib/python3/dist-packages/colcon_core/task/python/colcon_distutils_commands:/home/shreyas/ros2_projects/ros2_project/install/first_pkg/lib/python3.14/site-packages:${PYTHONPATH} /usr/bin/python3 -W ignore:setup.py install is deprecated -W ignore:easy_install command is deprecated setup.py egg_info --egg-base ../../build/first_pkg build --build-base /home/shreyas/ros2_projects/ros2_project/build/first_pkg/build install --record /home/shreyas/ros2_projects/ros2_project/build/first_pkg/install.log --install-scripts $base/lib/first_pkg --single-version-externally-managed install_data
